Apache Maven 3.9.9 (8e8579a9e76f7d015ee5ec7bfcdc97d260186937)
Maven home: C:\Program Files\apache-maven-3.9.9
Java version: 23.0.1, vendor: Oracle Corporation, runtime: C:\Program Files\Java\jdk-23
Default locale: en_US, platform encoding: UTF-8
OS name: "windows 11", version: "10.0", arch: "amd64", family: "windows"
[DEBUG] Created new class realm maven.api
[DEBUG] Importing foreign packages into class realm maven.api
[DEBUG]   Imported: javax.annotation.* < plexus.core
[DEBUG]   Imported: javax.annotation.security.* < plexus.core
[DEBUG]   Imported: javax.inject.* < plexus.core
[DEBUG]   Imported: org.apache.maven.* < plexus.core
[DEBUG]   Imported: org.apache.maven.artifact < plexus.core
[DEBUG]   Imported: org.apache.maven.classrealm < plexus.core
[DEBUG]   Imported: org.apache.maven.cli < plexus.core
[DEBUG]   Imported: org.apache.maven.configuration < plexus.core
[DEBUG]   Imported: org.apache.maven.exception < plexus.core
[DEBUG]   Imported: org.apache.maven.execution < plexus.core
[DEBUG]   Imported: org.apache.maven.execution.scope < plexus.core
[DEBUG]   Imported: org.apache.maven.graph < plexus.core
[DEBUG]   Imported: org.apache.maven.lifecycle < plexus.core
[DEBUG]   Imported: org.apache.maven.model < plexus.core
[DEBUG]   Imported: org.apache.maven.monitor < plexus.core
[DEBUG]   Imported: org.apache.maven.plugin < plexus.core
[DEBUG]   Imported: org.apache.maven.profiles < plexus.core
[DEBUG]   Imported: org.apache.maven.project < plexus.core
[DEBUG]   Imported: org.apache.maven.reporting < plexus.core
[DEBUG]   Imported: org.apache.maven.repository < plexus.core
[DEBUG]   Imported: org.apache.maven.rtinfo < plexus.core
[DEBUG]   Imported: org.apache.maven.settings < plexus.core
[DEBUG]   Imported: org.apache.maven.toolchain < plexus.core
[DEBUG]   Imported: org.apache.maven.usability < plexus.core
[DEBUG]   Imported: org.apache.maven.wagon.* < plexus.core
[DEBUG]   Imported: org.apache.maven.wagon.authentication < plexus.core
[DEBUG]   Imported: org.apache.maven.wagon.authorization < plexus.core
[DEBUG]   Imported: org.apache.maven.wagon.events < plexus.core
[DEBUG]   Imported: org.apache.maven.wagon.observers < plexus.core
[DEBUG]   Imported: org.apache.maven.wagon.proxy < plexus.core
[DEBUG]   Imported: org.apache.maven.wagon.repository < plexus.core
[DEBUG]   Imported: org.apache.maven.wagon.resource < plexus.core
[DEBUG]   Imported: org.codehaus.classworlds < plexus.core
[DEBUG]   Imported: org.codehaus.plexus.* < plexus.core
[DEBUG]   Imported: org.codehaus.plexus.classworlds < plexus.core
[DEBUG]   Imported: org.codehaus.plexus.component < plexus.core
[DEBUG]   Imported: org.codehaus.plexus.configuration < plexus.core
[DEBUG]   Imported: org.codehaus.plexus.container < plexus.core
[DEBUG]   Imported: org.codehaus.plexus.context < plexus.core
[DEBUG]   Imported: org.codehaus.plexus.lifecycle < plexus.core
[DEBUG]   Imported: org.codehaus.plexus.logging < plexus.core
[DEBUG]   Imported: org.codehaus.plexus.personality < plexus.core
[DEBUG]   Imported: org.codehaus.plexus.util.xml.Xpp3Dom < plexus.core
[DEBUG]   Imported: org.codehaus.plexus.util.xml.pull.XmlPullParser < plexus.core
[DEBUG]   Imported: org.codehaus.plexus.util.xml.pull.XmlPullParserException < plexus.core
[DEBUG]   Imported: org.codehaus.plexus.util.xml.pull.XmlSerializer < plexus.core
[DEBUG]   Imported: org.eclipse.aether.* < plexus.core
[DEBUG]   Imported: org.eclipse.aether.artifact < plexus.core
[DEBUG]   Imported: org.eclipse.aether.collection < plexus.core
[DEBUG]   Imported: org.eclipse.aether.deployment < plexus.core
[DEBUG]   Imported: org.eclipse.aether.graph < plexus.core
[DEBUG]   Imported: org.eclipse.aether.impl < plexus.core
[DEBUG]   Imported: org.eclipse.aether.installation < plexus.core
[DEBUG]   Imported: org.eclipse.aether.internal.impl < plexus.core
[DEBUG]   Imported: org.eclipse.aether.metadata < plexus.core
[DEBUG]   Imported: org.eclipse.aether.repository < plexus.core
[DEBUG]   Imported: org.eclipse.aether.resolution < plexus.core
[DEBUG]   Imported: org.eclipse.aether.spi < plexus.core
[DEBUG]   Imported: org.eclipse.aether.transfer < plexus.core
[DEBUG]   Imported: org.eclipse.aether.util < plexus.core
[DEBUG]   Imported: org.eclipse.aether.version < plexus.core
[DEBUG]   Imported: org.fusesource.jansi.* < plexus.core
[DEBUG]   Imported: org.slf4j.* < plexus.core
[DEBUG]   Imported: org.slf4j.event.* < plexus.core
[DEBUG]   Imported: org.slf4j.helpers.* < plexus.core
[DEBUG]   Imported: org.slf4j.spi.* < plexus.core
[DEBUG] Populating class realm maven.api
[DEBUG] Created adapter factory; available factories [file-lock, rwlock-local, semaphore-local, noop]; available name mappers [discriminating, file-gav, file-hgav, file-static, gav, static]
[INFO] Error stacktraces are turned on.
[DEBUG] Message scheme: color
[DEBUG] Message styles: debug info warning error success failure strong mojo project
[DEBUG] Reading global settings from C:\Program Files\apache-maven-3.9.9\conf\settings.xml
[DEBUG] Reading user settings from C:\Users\ASUS\.m2\settings.xml
[DEBUG] Reading global toolchains from C:\Program Files\apache-maven-3.9.9\conf\toolchains.xml
[DEBUG] Reading user toolchains from C:\Users\ASUS\.m2\toolchains.xml
[DEBUG] Using local repository at C:\Users\ASUS\.m2\repository
[DEBUG] Using manager EnhancedLocalRepositoryManager with priority 10.0 for C:\Users\ASUS\.m2\repository
[INFO] Scanning for projects...
[DEBUG] Extension realms for project com.dormitory:Dormitory_Management_Servlet:war:1.0-SNAPSHOT: (none)
[DEBUG] Looking up lifecycle mappings for packaging war from ClassRealm[plexus.core, parent: null]
[DEBUG] === REACTOR BUILD PLAN ================================================
[DEBUG] Project: com.dormitory:Dormitory_Management_Servlet:war:1.0-SNAPSHOT
[DEBUG] Tasks:   [clean, package]
[DEBUG] Style:   Regular
[DEBUG] =======================================================================
[INFO] 
[INFO] -------------< com.dormitory:Dormitory_Management_Servlet >-------------
[INFO] Building Dormitory_Management_Servlet 1.0-SNAPSHOT
[INFO]   from pom.xml
[INFO] --------------------------------[ war ]---------------------------------
[DEBUG] Lifecycle clean -> [pre-clean, clean, post-clean]
[DEBUG] Lifecycle default -> [validate, initialize, generate-sources, process-sources, generate-resources, process-resources, compile, process-classes, generate-test-sources, process-test-sources, generate-test-resources, process-test-resources, test-compile, process-test-classes, test, prepare-package, package, pre-integration-test, integration-test, post-integration-test, verify, install, deploy]
[DEBUG] Lifecycle site -> [pre-site, site, post-site, site-deploy]
[DEBUG] Lifecycle clean -> [pre-clean, clean, post-clean]
[DEBUG] Lifecycle default -> [validate, initialize, generate-sources, process-sources, generate-resources, process-resources, compile, process-classes, generate-test-sources, process-test-sources, generate-test-resources, process-test-resources, test-compile, process-test-classes, test, prepare-package, package, pre-integration-test, integration-test, post-integration-test, verify, install, deploy]
[DEBUG] Lifecycle site -> [pre-site, site, post-site, site-deploy]
[DEBUG] Creating adapter using nameMapper 'gav' and factory 'rwlock-local'
[DEBUG] Lifecycle clean -> [pre-clean, clean, post-clean]
[DEBUG] Lifecycle default -> [validate, initialize, generate-sources, process-sources, generate-resources, process-resources, compile, process-classes, generate-test-sources, process-test-sources, generate-test-resources, process-test-resources, test-compile, process-test-classes, test, prepare-package, package, pre-integration-test, integration-test, post-integration-test, verify, install, deploy]
[DEBUG] Lifecycle site -> [pre-site, site, post-site, site-deploy]
[DEBUG] Lifecycle clean -> [pre-clean, clean, post-clean]
[DEBUG] Lifecycle default -> [validate, initialize, generate-sources, process-sources, generate-resources, process-resources, compile, process-classes, generate-test-sources, process-test-sources, generate-test-resources, process-test-resources, test-compile, process-test-classes, test, prepare-package, package, pre-integration-test, integration-test, post-integration-test, verify, install, deploy]
[DEBUG] Lifecycle site -> [pre-site, site, post-site, site-deploy]
[DEBUG] Lifecycle clean -> [pre-clean, clean, post-clean]
[DEBUG] Lifecycle default -> [validate, initialize, generate-sources, process-sources, generate-resources, process-resources, compile, process-classes, generate-test-sources, process-test-sources, generate-test-resources, process-test-resources, test-compile, process-test-classes, test, prepare-package, package, pre-integration-test, integration-test, post-integration-test, verify, install, deploy]
[DEBUG] Lifecycle site -> [pre-site, site, post-site, site-deploy]
[DEBUG] Lifecycle clean -> [pre-clean, clean, post-clean]
[DEBUG] Lifecycle default -> [validate, initialize, generate-sources, process-sources, generate-resources, process-resources, compile, process-classes, generate-test-sources, process-test-sources, generate-test-resources, process-test-resources, test-compile, process-test-classes, test, prepare-package, package, pre-integration-test, integration-test, post-integration-test, verify, install, deploy]
[DEBUG] Lifecycle site -> [pre-site, site, post-site, site-deploy]
[DEBUG] Lifecycle clean -> [pre-clean, clean, post-clean]
[DEBUG] Lifecycle default -> [validate, initialize, generate-sources, process-sources, generate-resources, process-resources, compile, process-classes, generate-test-sources, process-test-sources, generate-test-resources, process-test-resources, test-compile, process-test-classes, test, prepare-package, package, pre-integration-test, integration-test, post-integration-test, verify, install, deploy]
[DEBUG] Lifecycle site -> [pre-site, site, post-site, site-deploy]
[DEBUG] Lifecycle clean -> [pre-clean, clean, post-clean]
[DEBUG] Lifecycle default -> [validate, initialize, generate-sources, process-sources, generate-resources, process-resources, compile, process-classes, generate-test-sources, process-test-sources, generate-test-resources, process-test-resources, test-compile, process-test-classes, test, prepare-package, package, pre-integration-test, integration-test, post-integration-test, verify, install, deploy]
[DEBUG] Lifecycle site -> [pre-site, site, post-site, site-deploy]
[DEBUG] Lifecycle clean -> [pre-clean, clean, post-clean]
[DEBUG] Lifecycle default -> [validate, initialize, generate-sources, process-sources, generate-resources, process-resources, compile, process-classes, generate-test-sources, process-test-sources, generate-test-resources, process-test-resources, test-compile, process-test-classes, test, prepare-package, package, pre-integration-test, integration-test, post-integration-test, verify, install, deploy]
[DEBUG] Lifecycle site -> [pre-site, site, post-site, site-deploy]
[DEBUG] === PROJECT BUILD PLAN ================================================
[DEBUG] Project:       com.dormitory:Dormitory_Management_Servlet:1.0-SNAPSHOT
[DEBUG] Dependencies (collect): []
[DEBUG] Dependencies (resolve): [compile, compile+runtime, test]
[DEBUG] Repositories (dependencies): [central (https://repo.maven.apache.org/maven2, default, releases)]
[DEBUG] Repositories (plugins)     : [central (https://repo.maven.apache.org/maven2, default, releases)]
[DEBUG] -----------------------------------------------------------------------
[DEBUG] Goal:          org.apache.maven.plugins:maven-clean-plugin:3.2.0:clean (default-clean)
[DEBUG] Style:         Regular
[DEBUG] Configuration: <?xml version="1.0" encoding="UTF-8"?>
<configuration>
  <directory default-value="${project.build.directory}"/>
  <excludeDefaultDirectories default-value="false">${maven.clean.excludeDefaultDirectories}</excludeDefaultDirectories>
  <failOnError default-value="true">${maven.clean.failOnError}</failOnError>
  <fast default-value="false">${maven.clean.fast}</fast>
  <fastDir>${maven.clean.fastDir}</fastDir>
  <fastMode default-value="background">${maven.clean.fastMode}</fastMode>
  <followSymLinks default-value="false">${maven.clean.followSymLinks}</followSymLinks>
  <outputDirectory default-value="${project.build.outputDirectory}"/>
  <reportDirectory default-value="${project.build.outputDirectory}"/>
  <retryOnError default-value="true">${maven.clean.retryOnError}</retryOnError>
  <session default-value="${session}"/>
  <skip default-value="false">${maven.clean.skip}</skip>
  <testOutputDirectory default-value="${project.build.testOutputDirectory}"/>
  <verbose>${maven.clean.verbose}</verbose>
</configuration>
[DEBUG] -----------------------------------------------------------------------
[DEBUG] Goal:          org.apache.maven.plugins:maven-resources-plugin:3.3.1:resources (default-resources)
[DEBUG] Style:         Regular
[DEBUG] Configuration: <?xml version="1.0" encoding="UTF-8"?>
<configuration>
  <addDefaultExcludes default-value="true"/>
  <buildFilters default-value="${project.build.filters}"/>
  <encoding default-value="${project.build.sourceEncoding}"/>
  <escapeWindowsPaths default-value="true"/>
  <fileNameFiltering default-value="false"/>
  <includeEmptyDirs default-value="false"/>
  <outputDirectory default-value="${project.build.outputDirectory}"/>
  <overwrite default-value="false"/>
  <project default-value="${project}"/>
  <resources default-value="${project.resources}"/>
  <session default-value="${session}"/>
  <skip default-value="false">${maven.resources.skip}</skip>
  <supportMultiLineFiltering default-value="false"/>
  <useBuildFilters default-value="true"/>
  <useDefaultDelimiters default-value="true"/>
</configuration>
[DEBUG] -----------------------------------------------------------------------
[DEBUG] Goal:          org.apache.maven.plugins:maven-compiler-plugin:3.8.1:compile (default-compile)
[DEBUG] Style:         Regular
[DEBUG] Configuration: <?xml version="1.0" encoding="UTF-8"?>
<configuration>
  <basedir default-value="${basedir}"/>
  <buildDirectory default-value="${project.build.directory}"/>
  <compilePath default-value="${project.compileClasspathElements}"/>
  <compileSourceRoots default-value="${project.compileSourceRoots}"/>
  <compilerId default-value="javac">${maven.compiler.compilerId}</compilerId>
  <compilerReuseStrategy default-value="${reuseCreated}">${maven.compiler.compilerReuseStrategy}</compilerReuseStrategy>
  <compilerVersion>${maven.compiler.compilerVersion}</compilerVersion>
  <debug default-value="true">${maven.compiler.debug}</debug>
  <debuglevel>${maven.compiler.debuglevel}</debuglevel>
  <encoding default-value="${project.build.sourceEncoding}">UTF-8</encoding>
  <executable>${maven.compiler.executable}</executable>
  <failOnError default-value="true">${maven.compiler.failOnError}</failOnError>
  <failOnWarning default-value="false">${maven.compiler.failOnWarning}</failOnWarning>
  <forceJavacCompilerUse default-value="false">${maven.compiler.forceJavacCompilerUse}</forceJavacCompilerUse>
  <fork default-value="false">${maven.compiler.fork}</fork>
  <generatedSourcesDirectory default-value="${project.build.directory}/generated-sources/annotations"/>
  <maxmem>${maven.compiler.maxmem}</maxmem>
  <meminitial>${maven.compiler.meminitial}</meminitial>
  <mojoExecution default-value="${mojoExecution}"/>
  <optimize default-value="false">${maven.compiler.optimize}</optimize>
  <outputDirectory default-value="${project.build.outputDirectory}"/>
  <parameters default-value="false">${maven.compiler.parameters}</parameters>
  <project default-value="${project}"/>
  <projectArtifact default-value="${project.artifact}"/>
  <release>8</release>
  <session default-value="${session}"/>
  <showDeprecation default-value="false">${maven.compiler.showDeprecation}</showDeprecation>
  <showWarnings default-value="false">${maven.compiler.showWarnings}</showWarnings>
  <skipMain>${maven.main.skip}</skipMain>
  <skipMultiThreadWarning default-value="false">${maven.compiler.skipMultiThreadWarning}</skipMultiThreadWarning>
  <source default-value="1.6">${maven.compiler.source}</source>
  <staleMillis default-value="0">${lastModGranularityMs}</staleMillis>
  <target default-value="1.6">${maven.compiler.target}</target>
  <useIncrementalCompilation default-value="true">${maven.compiler.useIncrementalCompilation}</useIncrementalCompilation>
  <verbose default-value="false">${maven.compiler.verbose}</verbose>
</configuration>
[DEBUG] -----------------------------------------------------------------------
[DEBUG] Goal:          org.apache.maven.plugins:maven-resources-plugin:3.3.1:testResources (default-testResources)
[DEBUG] Style:         Regular
[DEBUG] Configuration: <?xml version="1.0" encoding="UTF-8"?>
<configuration>
  <addDefaultExcludes default-value="true"/>
  <buildFilters default-value="${project.build.filters}"/>
  <encoding default-value="${project.build.sourceEncoding}"/>
  <escapeWindowsPaths default-value="true"/>
  <fileNameFiltering default-value="false"/>
  <includeEmptyDirs default-value="false"/>
  <outputDirectory default-value="${project.build.testOutputDirectory}"/>
  <overwrite default-value="false"/>
  <project default-value="${project}"/>
  <resources default-value="${project.testResources}"/>
  <session default-value="${session}"/>
  <skip default-value="false">${maven.test.skip}</skip>
  <supportMultiLineFiltering default-value="false"/>
  <useBuildFilters default-value="true"/>
  <useDefaultDelimiters default-value="true"/>
</configuration>
[DEBUG] -----------------------------------------------------------------------
[DEBUG] Goal:          org.apache.maven.plugins:maven-compiler-plugin:3.8.1:testCompile (default-testCompile)
[DEBUG] Style:         Regular
[DEBUG] Configuration: <?xml version="1.0" encoding="UTF-8"?>
<configuration>
  <basedir default-value="${basedir}"/>
  <buildDirectory default-value="${project.build.directory}"/>
  <compilePath default-value="${project.compileClasspathElements}"/>
  <compileSourceRoots default-value="${project.testCompileSourceRoots}"/>
  <compilerId default-value="javac">${maven.compiler.compilerId}</compilerId>
  <compilerReuseStrategy default-value="${reuseCreated}">${maven.compiler.compilerReuseStrategy}</compilerReuseStrategy>
  <compilerVersion>${maven.compiler.compilerVersion}</compilerVersion>
  <debug default-value="true">${maven.compiler.debug}</debug>
  <debuglevel>${maven.compiler.debuglevel}</debuglevel>
  <encoding default-value="${project.build.sourceEncoding}">UTF-8</encoding>
  <executable>${maven.compiler.executable}</executable>
  <failOnError default-value="true">${maven.compiler.failOnError}</failOnError>
  <failOnWarning default-value="false">${maven.compiler.failOnWarning}</failOnWarning>
  <forceJavacCompilerUse default-value="false">${maven.compiler.forceJavacCompilerUse}</forceJavacCompilerUse>
  <fork default-value="false">${maven.compiler.fork}</fork>
  <generatedTestSourcesDirectory default-value="${project.build.directory}/generated-test-sources/test-annotations"/>
  <maxmem>${maven.compiler.maxmem}</maxmem>
  <meminitial>${maven.compiler.meminitial}</meminitial>
  <mojoExecution default-value="${mojoExecution}"/>
  <optimize default-value="false">${maven.compiler.optimize}</optimize>
  <outputDirectory default-value="${project.build.testOutputDirectory}"/>
  <parameters default-value="false">${maven.compiler.parameters}</parameters>
  <project default-value="${project}"/>
  <release>8</release>
  <session default-value="${session}"/>
  <showDeprecation default-value="false">${maven.compiler.showDeprecation}</showDeprecation>
  <showWarnings default-value="false">${maven.compiler.showWarnings}</showWarnings>
  <skip>${maven.test.skip}</skip>
  <skipMultiThreadWarning default-value="false">${maven.compiler.skipMultiThreadWarning}</skipMultiThreadWarning>
  <source default-value="1.6">${maven.compiler.source}</source>
  <staleMillis default-value="0">${lastModGranularityMs}</staleMillis>
  <target default-value="1.6">${maven.compiler.target}</target>
  <testPath default-value="${project.testClasspathElements}"/>
  <testRelease>${maven.compiler.testRelease}</testRelease>
  <testSource>${maven.compiler.testSource}</testSource>
  <testTarget>${maven.compiler.testTarget}</testTarget>
  <useIncrementalCompilation default-value="true">${maven.compiler.useIncrementalCompilation}</useIncrementalCompilation>
  <verbose default-value="false">${maven.compiler.verbose}</verbose>
</configuration>
[DEBUG] -----------------------------------------------------------------------
[DEBUG] Goal:          org.apache.maven.plugins:maven-surefire-plugin:3.2.5:test (default-test)
[DEBUG] Style:         Regular
[DEBUG] Configuration: <?xml version="1.0" encoding="UTF-8"?>
<configuration>
  <additionalClasspathDependencies>${maven.test.additionalClasspathDependencies}</additionalClasspathDependencies>
  <additionalClasspathElements>${maven.test.additionalClasspath}</additionalClasspathElements>
  <argLine>${argLine}</argLine>
  <basedir default-value="${basedir}"/>
  <childDelegation default-value="false">${childDelegation}</childDelegation>
  <classesDirectory default-value="${project.build.outputDirectory}"/>
  <classpathDependencyExcludes>${maven.test.dependency.excludes}</classpathDependencyExcludes>
  <debugForkedProcess>${maven.surefire.debug}</debugForkedProcess>
  <dependenciesToScan>${dependenciesToScan}</dependenciesToScan>
  <disableXmlReport default-value="false">${disableXmlReport}</disableXmlReport>
  <enableAssertions default-value="true">${enableAssertions}</enableAssertions>
  <enableProcessChecker>${surefire.enableProcessChecker}</enableProcessChecker>
  <encoding default-value="${project.reporting.outputEncoding}">${surefire.encoding}</encoding>
  <excludeJUnit5Engines>${surefire.excludeJUnit5Engines}</excludeJUnit5Engines>
  <excludedEnvironmentVariables>${surefire.excludedEnvironmentVariables}</excludedEnvironmentVariables>
  <excludedGroups>${excludedGroups}</excludedGroups>
  <excludes>${surefire.excludes}</excludes>
  <excludesFile>${surefire.excludesFile}</excludesFile>
  <failIfNoSpecifiedTests default-value="true">${surefire.failIfNoSpecifiedTests}</failIfNoSpecifiedTests>
  <failIfNoTests default-value="false">${failIfNoTests}</failIfNoTests>
  <failOnFlakeCount default-value="0">${surefire.failOnFlakeCount}</failOnFlakeCount>
  <forkCount default-value="1">${forkCount}</forkCount>
  <forkNode>${surefire.forkNode}</forkNode>
  <forkedProcessExitTimeoutInSeconds default-value="30">${surefire.exitTimeout}</forkedProcessExitTimeoutInSeconds>
  <forkedProcessTimeoutInSeconds>${surefire.timeout}</forkedProcessTimeoutInSeconds>
  <groups>${groups}</groups>
  <includeJUnit5Engines>${surefire.includeJUnit5Engines}</includeJUnit5Engines>
  <includes>${surefire.includes}</includes>
  <includesFile>${surefire.includesFile}</includesFile>
  <junitArtifactName default-value="junit:junit">${junitArtifactName}</junitArtifactName>
  <jvm>${jvm}</jvm>
  <objectFactory>${objectFactory}</objectFactory>
  <parallel>${parallel}</parallel>
  <parallelMavenExecution default-value="${session.parallel}"/>
  <parallelOptimized default-value="true">${parallelOptimized}</parallelOptimized>
  <parallelTestsTimeoutForcedInSeconds>${surefire.parallel.forcedTimeout}</parallelTestsTimeoutForcedInSeconds>
  <parallelTestsTimeoutInSeconds>${surefire.parallel.timeout}</parallelTestsTimeoutInSeconds>
  <perCoreThreadCount default-value="true">${perCoreThreadCount}</perCoreThreadCount>
  <pluginArtifactMap>${plugin.artifactMap}</pluginArtifactMap>
  <pluginDescriptor default-value="${plugin}"/>
  <printSummary default-value="true">${surefire.printSummary}</printSummary>
  <project default-value="${project}"/>
  <projectArtifactMap>${project.artifactMap}</projectArtifactMap>
  <projectBuildDirectory default-value="${project.build.directory}"/>
  <redirectTestOutputToFile default-value="false">${maven.test.redirectTestOutputToFile}</redirectTestOutputToFile>
  <reportFormat default-value="brief">${surefire.reportFormat}</reportFormat>
  <reportNameSuffix default-value="">${surefire.reportNameSuffix}</reportNameSuffix>
  <reportsDirectory default-value="${project.build.directory}/surefire-reports"/>
  <rerunFailingTestsCount default-value="0">${surefire.rerunFailingTestsCount}</rerunFailingTestsCount>
  <reuseForks default-value="true">${reuseForks}</reuseForks>
  <runOrder default-value="filesystem">${surefire.runOrder}</runOrder>
  <runOrderRandomSeed>${surefire.runOrder.random.seed}</runOrderRandomSeed>
  <session default-value="${session}"/>
  <shutdown default-value="exit">${surefire.shutdown}</shutdown>
  <skip default-value="false">${maven.test.skip}</skip>
  <skipAfterFailureCount default-value="0">${surefire.skipAfterFailureCount}</skipAfterFailureCount>
  <skipExec>${maven.test.skip.exec}</skipExec>
  <skipTests default-value="false">${skipTests}</skipTests>
  <suiteXmlFiles>${surefire.suiteXmlFiles}</suiteXmlFiles>
  <systemPropertiesFile>${surefire.systemPropertiesFile}</systemPropertiesFile>
  <tempDir default-value="surefire">${tempDir}</tempDir>
  <test>${test}</test>
  <testClassesDirectory default-value="${project.build.testOutputDirectory}"/>
  <testFailureIgnore default-value="false">${maven.test.failure.ignore}</testFailureIgnore>
  <testNGArtifactName default-value="org.testng:testng">${testNGArtifactName}</testNGArtifactName>
  <testSourceDirectory default-value="${project.build.testSourceDirectory}"/>
  <threadCount>${threadCount}</threadCount>
  <threadCountClasses default-value="0">${threadCountClasses}</threadCountClasses>
  <threadCountMethods default-value="0">${threadCountMethods}</threadCountMethods>
  <threadCountSuites default-value="0">${threadCountSuites}</threadCountSuites>
  <trimStackTrace default-value="false">${trimStackTrace}</trimStackTrace>
  <useFile default-value="true">${surefire.useFile}</useFile>
  <useManifestOnlyJar default-value="true">${surefire.useManifestOnlyJar}</useManifestOnlyJar>
  <useModulePath default-value="true">${surefire.useModulePath}</useModulePath>
  <useSystemClassLoader default-value="true">${surefire.useSystemClassLoader}</useSystemClassLoader>
  <useUnlimitedThreads default-value="false">${useUnlimitedThreads}</useUnlimitedThreads>
  <workingDirectory>${basedir}</workingDirectory>
</configuration>
[DEBUG] -----------------------------------------------------------------------
[DEBUG] Goal:          org.apache.maven.plugins:maven-war-plugin:3.4.0:war (default-war)
[DEBUG] Style:         Regular
[DEBUG] Configuration: <?xml version="1.0" encoding="UTF-8"?>
<configuration>
  <archiveClasses default-value="false"/>
  <attachClasses default-value="false"/>
  <classesClassifier default-value="classes"/>
  <classesDirectory default-value="${project.build.outputDirectory}"/>
  <escapedBackslashesInFilePath default-value="false"/>
  <filteringDeploymentDescriptors default-value="false"/>
  <includeEmptyDirectories default-value="false"/>
  <outdatedCheckPath default-value="WEB-INF/lib/"/>
  <outputDirectory default-value="${project.build.directory}"/>
  <outputTimestamp default-value="${project.build.outputTimestamp}"/>
  <primaryArtifact default-value="true"/>
  <project default-value="${project}"/>
  <recompressZippedFiles default-value="true"/>
  <resourceEncoding default-value="${project.build.sourceEncoding}"/>
  <session default-value="${session}"/>
  <skip default-value="false">${maven.war.skip}</skip>
  <supportMultiLineFiltering default-value="false"/>
  <useDefaultDelimiters default-value="true"/>
  <useJvmChmod default-value="true"/>
  <warName default-value="${project.build.finalName}"/>
  <warSourceDirectory default-value="${basedir}/src/main/webapp"/>
  <warSourceIncludes default-value="**"/>
  <webappDirectory default-value="${project.build.directory}/${project.build.finalName}"/>
  <workDirectory default-value="${project.build.directory}/war/work"/>
</configuration>
[DEBUG] =======================================================================
[DEBUG] Dependency collection stats {ConflictMarker.analyzeTime=662000, ConflictMarker.markTime=124800, ConflictMarker.nodeCount=82, ConflictIdSorter.graphTime=468600, ConflictIdSorter.topsortTime=373000, ConflictIdSorter.conflictIdCount=41, ConflictIdSorter.conflictIdCycleCount=0, ConflictResolver.totalTime=4491600, ConflictResolver.conflictItemCount=69, DfDependencyCollector.collectTime=323970500, DfDependencyCollector.transformTime=8009100}
[DEBUG] com.dormitory:Dormitory_Management_Servlet:war:1.0-SNAPSHOT
[DEBUG]    org.hibernate.orm:hibernate-core:jar:6.6.13.Final:compile
[DEBUG]       jakarta.transaction:jakarta.transaction-api:jar:2.0.1:compile
[DEBUG]       org.jboss.logging:jboss-logging:jar:3.5.0.Final:runtime
[DEBUG]       org.hibernate.common:hibernate-commons-annotations:jar:7.0.3.Final:runtime
[DEBUG]       io.smallrye:jandex:jar:3.2.0:runtime
[DEBUG]       com.fasterxml:classmate:jar:1.5.1:runtime
[DEBUG]       net.bytebuddy:byte-buddy:jar:1.15.11:runtime
[DEBUG]       jakarta.xml.bind:jakarta.xml.bind-api:jar:4.0.0:runtime
[DEBUG]          jakarta.activation:jakarta.activation-api:jar:2.1.0:runtime
[DEBUG]       org.glassfish.jaxb:jaxb-runtime:jar:4.0.2:runtime
[DEBUG]          org.glassfish.jaxb:jaxb-core:jar:4.0.2:runtime
[DEBUG]             org.eclipse.angus:angus-activation:jar:2.0.0:runtime
[DEBUG]             org.glassfish.jaxb:txw2:jar:4.0.2:runtime
[DEBUG]             com.sun.istack:istack-commons-runtime:jar:4.1.1:runtime
[DEBUG]       jakarta.inject:jakarta.inject-api:jar:2.0.1:runtime
[DEBUG]       org.antlr:antlr4-runtime:jar:4.13.0:runtime
[DEBUG]    jakarta.persistence:jakarta.persistence-api:jar:3.1.0:compile
[DEBUG]    com.mysql:mysql-connector-j:jar:9.1.0:compile
[DEBUG]       com.google.protobuf:protobuf-java:jar:4.26.1:compile
[DEBUG]    jakarta.servlet:jakarta.servlet-api:jar:6.1.0:provided
[DEBUG]    org.mindrot:jbcrypt:jar:0.4:compile
[DEBUG]    javax.websocket:javax.websocket-api:jar:1.1:provided
[DEBUG]    jakarta.websocket:jakarta.websocket-api:jar:2.2.0:compile
[DEBUG]    jakarta.servlet.jsp.jstl:jakarta.servlet.jsp.jstl-api:jar:3.0.2:compile
[DEBUG]       jakarta.el:jakarta.el-api:jar:5.0.0:compile
[DEBUG]    org.glassfish.web:jakarta.servlet.jsp.jstl:jar:3.0.1:compile
[DEBUG]    com.sun.mail:jakarta.mail:jar:2.0.1:compile
[DEBUG]       com.sun.activation:jakarta.activation:jar:2.0.1:compile
[DEBUG]    ch.qos.logback:logback-classic:jar:1.5.16:compile
[DEBUG]       ch.qos.logback:logback-core:jar:1.5.16:compile
[DEBUG]    com.itextpdf:html2pdf:jar:6.1.0:compile
[DEBUG]       com.itextpdf:svg:jar:9.1.0:compile
[DEBUG]          com.itextpdf:styled-xml-parser:jar:9.1.0:compile
[DEBUG]       com.itextpdf:pdfa:jar:9.1.0:compile
[DEBUG]    com.itextpdf:kernel:jar:9.1.0:compile
[DEBUG]       com.itextpdf:bouncy-castle-connector:jar:9.1.0:compile
[DEBUG]    com.itextpdf:io:jar:9.1.0:compile
[DEBUG]       com.itextpdf:commons:jar:9.1.0:compile
[DEBUG]    com.itextpdf:forms:jar:9.1.0:compile
[DEBUG]    com.itextpdf:layout:jar:9.1.0:compile
[DEBUG]    org.slf4j:slf4j-api:jar:2.0.16:compile
[INFO] 
[INFO] --- clean:3.2.0:clean (default-clean) @ Dormitory_Management_Servlet ---
[DEBUG] Dependency collection stats {ConflictMarker.analyzeTime=17600, ConflictMarker.markTime=44300, ConflictMarker.nodeCount=3, ConflictIdSorter.graphTime=6400, ConflictIdSorter.topsortTime=11400, ConflictIdSorter.conflictIdCount=3, ConflictIdSorter.conflictIdCycleCount=0, ConflictResolver.totalTime=301800, ConflictResolver.conflictItemCount=3, DfDependencyCollector.collectTime=27806200, DfDependencyCollector.transformTime=398800}
[DEBUG] org.apache.maven.plugins:maven-clean-plugin:jar:3.2.0
[DEBUG]    org.apache.maven.shared:maven-shared-utils:jar:3.3.4:compile
[DEBUG]       commons-io:commons-io:jar:2.6:compile
[DEBUG] Created new class realm plugin>org.apache.maven.plugins:maven-clean-plugin:3.2.0
[DEBUG] Importing foreign packages into class realm plugin>org.apache.maven.plugins:maven-clean-plugin:3.2.0
[DEBUG]   Imported:  < maven.api
[DEBUG] Populating class realm plugin>org.apache.maven.plugins:maven-clean-plugin:3.2.0
[DEBUG]   Included: org.apache.maven.plugins:maven-clean-plugin:jar:3.2.0
[DEBUG]   Included: org.apache.maven.shared:maven-shared-utils:jar:3.3.4
[DEBUG]   Included: commons-io:commons-io:jar:2.6
[DEBUG] Loading mojo org.apache.maven.plugins:maven-clean-plugin:3.2.0:clean from plugin realm ClassRealm[plugin>org.apache.maven.plugins:maven-clean-plugin:3.2.0, parent: jdk.internal.loader.ClassLoaders$AppClassLoader@33909752]
[DEBUG] Configuring mojo execution 'org.apache.maven.plugins:maven-clean-plugin:3.2.0:clean:default-clean' with basic configurator -->
[DEBUG]   (f) directory = D:\Java\Dormitory_Management_Servlet\target
[DEBUG]   (f) excludeDefaultDirectories = false
[DEBUG]   (f) failOnError = true
[DEBUG]   (f) fast = false
[DEBUG]   (f) fastMode = background
[DEBUG]   (f) followSymLinks = false
[DEBUG]   (f) outputDirectory = D:\Java\Dormitory_Management_Servlet\target\classes
[DEBUG]   (f) reportDirectory = D:\Java\Dormitory_Management_Servlet\target\classes
[DEBUG]   (f) retryOnError = true
[DEBUG]   (f) session = org.apache.maven.execution.MavenSession@7d2998d8
[DEBUG]   (f) skip = false
[DEBUG]   (f) testOutputDirectory = D:\Java\Dormitory_Management_Servlet\target\test-classes
[DEBUG] -- end configuration --
[INFO] Deleting D:\Java\Dormitory_Management_Servlet\target
[INFO] Deleting file D:\Java\Dormitory_Management_Servlet\target\maven-status\maven-compiler-plugin\compile\default-compile\inputFiles.lst
[INFO] Deleting file D:\Java\Dormitory_Management_Servlet\target\maven-status\maven-compiler-plugin\compile\default-compile\createdFiles.lst
[INFO] Deleting directory D:\Java\Dormitory_Management_Servlet\target\maven-status\maven-compiler-plugin\compile\default-compile
[INFO] Deleting directory D:\Java\Dormitory_Management_Servlet\target\maven-status\maven-compiler-plugin\compile
[INFO] Deleting directory D:\Java\Dormitory_Management_Servlet\target\maven-status\maven-compiler-plugin
[INFO] Deleting directory D:\Java\Dormitory_Management_Servlet\target\maven-status
[INFO] Deleting file D:\Java\Dormitory_Management_Servlet\target\maven-archiver\pom.properties
[INFO] Deleting directory D:\Java\Dormitory_Management_Servlet\target\maven-archiver
[INFO] Deleting directory D:\Java\Dormitory_Management_Servlet\target\generated-sources\annotations
[INFO] Deleting directory D:\Java\Dormitory_Management_Servlet\target\generated-sources
[INFO] Deleting file D:\Java\Dormitory_Management_Servlet\target\Dormitory_Management_Servlet.war
[INFO] Deleting file D:\Java\Dormitory_Management_Servlet\target\Dormitory_Management_Servlet\WEB-INF\web.xml
[INFO] Deleting file D:\Java\Dormitory_Management_Servlet\target\Dormitory_Management_Servlet\WEB-INF\lib\txw2-4.0.2.jar
[INFO] Deleting file D:\Java\Dormitory_Management_Servlet\target\Dormitory_Management_Servlet\WEB-INF\lib\svg-9.1.0.jar
[INFO] Deleting file D:\Java\Dormitory_Management_Servlet\target\Dormitory_Management_Servlet\WEB-INF\lib\styled-xml-parser-9.1.0.jar
[INFO] Deleting file D:\Java\Dormitory_Management_Servlet\target\Dormitory_Management_Servlet\WEB-INF\lib\slf4j-api-2.0.16.jar
[INFO] Deleting file D:\Java\Dormitory_Management_Servlet\target\Dormitory_Management_Servlet\WEB-INF\lib\protobuf-java-4.26.1.jar
[INFO] Deleting file D:\Java\Dormitory_Management_Servlet\target\Dormitory_Management_Servlet\WEB-INF\lib\pdfa-9.1.0.jar
[INFO] Deleting file D:\Java\Dormitory_Management_Servlet\target\Dormitory_Management_Servlet\WEB-INF\lib\mysql-connector-j-9.1.0.jar
[INFO] Deleting file D:\Java\Dormitory_Management_Servlet\target\Dormitory_Management_Servlet\WEB-INF\lib\logback-core-1.5.16.jar
[INFO] Deleting file D:\Java\Dormitory_Management_Servlet\target\Dormitory_Management_Servlet\WEB-INF\lib\logback-classic-1.5.16.jar
[INFO] Deleting file D:\Java\Dormitory_Management_Servlet\target\Dormitory_Management_Servlet\WEB-INF\lib\layout-9.1.0.jar
[INFO] Deleting file D:\Java\Dormitory_Management_Servlet\target\Dormitory_Management_Servlet\WEB-INF\lib\kernel-9.1.0.jar
[INFO] Deleting file D:\Java\Dormitory_Management_Servlet\target\Dormitory_Management_Servlet\WEB-INF\lib\jboss-logging-3.5.0.Final.jar
[INFO] Deleting file D:\Java\Dormitory_Management_Servlet\target\Dormitory_Management_Servlet\WEB-INF\lib\jbcrypt-0.4.jar
[INFO] Deleting file D:\Java\Dormitory_Management_Servlet\target\Dormitory_Management_Servlet\WEB-INF\lib\jaxb-runtime-4.0.2.jar
[INFO] Deleting file D:\Java\Dormitory_Management_Servlet\target\Dormitory_Management_Servlet\WEB-INF\lib\jaxb-core-4.0.2.jar
[INFO] Deleting file D:\Java\Dormitory_Management_Servlet\target\Dormitory_Management_Servlet\WEB-INF\lib\jandex-3.2.0.jar
[INFO] Deleting file D:\Java\Dormitory_Management_Servlet\target\Dormitory_Management_Servlet\WEB-INF\lib\jakarta.xml.bind-api-4.0.0.jar
[INFO] Deleting file D:\Java\Dormitory_Management_Servlet\target\Dormitory_Management_Servlet\WEB-INF\lib\jakarta.websocket-api-2.2.0.jar
[INFO] Deleting file D:\Java\Dormitory_Management_Servlet\target\Dormitory_Management_Servlet\WEB-INF\lib\jakarta.transaction-api-2.0.1.jar
[INFO] Deleting file D:\Java\Dormitory_Management_Servlet\target\Dormitory_Management_Servlet\WEB-INF\lib\jakarta.servlet.jsp.jstl-api-3.0.2.jar
[INFO] Deleting file D:\Java\Dormitory_Management_Servlet\target\Dormitory_Management_Servlet\WEB-INF\lib\jakarta.servlet.jsp.jstl-3.0.1.jar
[INFO] Deleting file D:\Java\Dormitory_Management_Servlet\target\Dormitory_Management_Servlet\WEB-INF\lib\jakarta.persistence-api-3.1.0.jar
[INFO] Deleting file D:\Java\Dormitory_Management_Servlet\target\Dormitory_Management_Servlet\WEB-INF\lib\jakarta.mail-2.0.1.jar
[INFO] Deleting file D:\Java\Dormitory_Management_Servlet\target\Dormitory_Management_Servlet\WEB-INF\lib\jakarta.inject-api-2.0.1.jar
[INFO] Deleting file D:\Java\Dormitory_Management_Servlet\target\Dormitory_Management_Servlet\WEB-INF\lib\jakarta.el-api-5.0.0.jar
[INFO] Deleting file D:\Java\Dormitory_Management_Servlet\target\Dormitory_Management_Servlet\WEB-INF\lib\jakarta.activation-api-2.1.0.jar
[INFO] Deleting file D:\Java\Dormitory_Management_Servlet\target\Dormitory_Management_Servlet\WEB-INF\lib\jakarta.activation-2.0.1.jar
[INFO] Deleting file D:\Java\Dormitory_Management_Servlet\target\Dormitory_Management_Servlet\WEB-INF\lib\istack-commons-runtime-4.1.1.jar
[INFO] Deleting file D:\Java\Dormitory_Management_Servlet\target\Dormitory_Management_Servlet\WEB-INF\lib\io-9.1.0.jar
[INFO] Deleting file D:\Java\Dormitory_Management_Servlet\target\Dormitory_Management_Servlet\WEB-INF\lib\html2pdf-6.1.0.jar
[INFO] Deleting file D:\Java\Dormitory_Management_Servlet\target\Dormitory_Management_Servlet\WEB-INF\lib\hibernate-core-6.6.13.Final.jar
[INFO] Deleting file D:\Java\Dormitory_Management_Servlet\target\Dormitory_Management_Servlet\WEB-INF\lib\hibernate-commons-annotations-7.0.3.Final.jar
[INFO] Deleting file D:\Java\Dormitory_Management_Servlet\target\Dormitory_Management_Servlet\WEB-INF\lib\forms-9.1.0.jar
[INFO] Deleting file D:\Java\Dormitory_Management_Servlet\target\Dormitory_Management_Servlet\WEB-INF\lib\commons-9.1.0.jar
[INFO] Deleting file D:\Java\Dormitory_Management_Servlet\target\Dormitory_Management_Servlet\WEB-INF\lib\classmate-1.5.1.jar
[INFO] Deleting file D:\Java\Dormitory_Management_Servlet\target\Dormitory_Management_Servlet\WEB-INF\lib\byte-buddy-1.15.11.jar
[INFO] Deleting file D:\Java\Dormitory_Management_Servlet\target\Dormitory_Management_Servlet\WEB-INF\lib\bouncy-castle-connector-9.1.0.jar
[INFO] Deleting file D:\Java\Dormitory_Management_Servlet\target\Dormitory_Management_Servlet\WEB-INF\lib\antlr4-runtime-4.13.0.jar
[INFO] Deleting file D:\Java\Dormitory_Management_Servlet\target\Dormitory_Management_Servlet\WEB-INF\lib\angus-activation-2.0.0.jar
[INFO] Deleting directory D:\Java\Dormitory_Management_Servlet\target\Dormitory_Management_Servlet\WEB-INF\lib
[INFO] Deleting file D:\Java\Dormitory_Management_Servlet\target\Dormitory_Management_Servlet\WEB-INF\classes\websocket\ChatEndpoint.class
[INFO] Deleting directory D:\Java\Dormitory_Management_Servlet\target\Dormitory_Management_Servlet\WEB-INF\classes\websocket
[INFO] Deleting file D:\Java\Dormitory_Management_Servlet\target\Dormitory_Management_Servlet\WEB-INF\classes\util\HibernateUtil.class
[INFO] Deleting file D:\Java\Dormitory_Management_Servlet\target\Dormitory_Management_Servlet\WEB-INF\classes\util\CommonLogger.class
[INFO] Deleting directory D:\Java\Dormitory_Management_Servlet\target\Dormitory_Management_Servlet\WEB-INF\classes\util
[INFO] Deleting file D:\Java\Dormitory_Management_Servlet\target\Dormitory_Management_Servlet\WEB-INF\classes\templates\invoice.html
[INFO] Deleting directory D:\Java\Dormitory_Management_Servlet\target\Dormitory_Management_Servlet\WEB-INF\classes\templates
[INFO] Deleting file D:\Java\Dormitory_Management_Servlet\target\Dormitory_Management_Servlet\WEB-INF\classes\servlet\VerifyCodeServlet.class
[INFO] Deleting file D:\Java\Dormitory_Management_Servlet\target\Dormitory_Management_Servlet\WEB-INF\classes\servlet\UpdateProfileServlet.class
[INFO] Deleting file D:\Java\Dormitory_Management_Servlet\target\Dormitory_Management_Servlet\WEB-INF\classes\servlet\SendResetCodeServlet.class
[INFO] Deleting file D:\Java\Dormitory_Management_Servlet\target\Dormitory_Management_Servlet\WEB-INF\classes\servlet\SendResetCodeServlet$1.class
[INFO] Deleting file D:\Java\Dormitory_Management_Servlet\target\Dormitory_Management_Servlet\WEB-INF\classes\servlet\RoomServlet.class
[INFO] Deleting file D:\Java\Dormitory_Management_Servlet\target\Dormitory_Management_Servlet\WEB-INF\classes\servlet\RoomBookingServlet.class
[INFO] Deleting file D:\Java\Dormitory_Management_Servlet\target\Dormitory_Management_Servlet\WEB-INF\classes\servlet\ResetPasswordServlet.class
[INFO] Deleting file D:\Java\Dormitory_Management_Servlet\target\Dormitory_Management_Servlet\WEB-INF\classes\servlet\RegisterServlet.class
[INFO] Deleting file D:\Java\Dormitory_Management_Servlet\target\Dormitory_Management_Servlet\WEB-INF\classes\servlet\PrintInvoiceServlet.class
[INFO] Deleting file D:\Java\Dormitory_Management_Servlet\target\Dormitory_Management_Servlet\WEB-INF\classes\servlet\LoginStudentServlet.class
[INFO] Deleting file D:\Java\Dormitory_Management_Servlet\target\Dormitory_Management_Servlet\WEB-INF\classes\servlet\LoginAdminServlet.class
[INFO] Deleting file D:\Java\Dormitory_Management_Servlet\target\Dormitory_Management_Servlet\WEB-INF\classes\servlet\GenderDataServlet.class
[INFO] Deleting file D:\Java\Dormitory_Management_Servlet\target\Dormitory_Management_Servlet\WEB-INF\classes\servlet\EditRoomServlet.class
[INFO] Deleting file D:\Java\Dormitory_Management_Servlet\target\Dormitory_Management_Servlet\WEB-INF\classes\servlet\EditInvoiceServlet.class
[INFO] Deleting file D:\Java\Dormitory_Management_Servlet\target\Dormitory_Management_Servlet\WEB-INF\classes\servlet\DeleteStudentServlet.class
[INFO] Deleting file D:\Java\Dormitory_Management_Servlet\target\Dormitory_Management_Servlet\WEB-INF\classes\servlet\DashboardServlet.class
[INFO] Deleting file D:\Java\Dormitory_Management_Servlet\target\Dormitory_Management_Servlet\WEB-INF\classes\servlet\DashboardAdminServlet.class
[INFO] Deleting file D:\Java\Dormitory_Management_Servlet\target\Dormitory_Management_Servlet\WEB-INF\classes\servlet\BuildingServlet.class
[INFO] Deleting file D:\Java\Dormitory_Management_Servlet\target\Dormitory_Management_Servlet\WEB-INF\classes\servlet\AddRoomServlet.class
[INFO] Deleting directory D:\Java\Dormitory_Management_Servlet\target\Dormitory_Management_Servlet\WEB-INF\classes\servlet
[INFO] Deleting file D:\Java\Dormitory_Management_Servlet\target\Dormitory_Management_Servlet\WEB-INF\classes\logback.xml
[INFO] Deleting file D:\Java\Dormitory_Management_Servlet\target\Dormitory_Management_Servlet\WEB-INF\classes\images\logo.png
[INFO] Deleting directory D:\Java\Dormitory_Management_Servlet\target\Dormitory_Management_Servlet\WEB-INF\classes\images
[INFO] Deleting file D:\Java\Dormitory_Management_Servlet\target\Dormitory_Management_Servlet\WEB-INF\classes\hibernate.cfg.xml
[INFO] Deleting file D:\Java\Dormitory_Management_Servlet\target\Dormitory_Management_Servlet\WEB-INF\classes\fonts\NotoSerif-Regular.ttf
[INFO] Deleting directory D:\Java\Dormitory_Management_Servlet\target\Dormitory_Management_Servlet\WEB-INF\classes\fonts
[INFO] Deleting file D:\Java\Dormitory_Management_Servlet\target\Dormitory_Management_Servlet\WEB-INF\classes\entity\Student.class
[INFO] Deleting file D:\Java\Dormitory_Management_Servlet\target\Dormitory_Management_Servlet\WEB-INF\classes\entity\Room.class
[INFO] Deleting file D:\Java\Dormitory_Management_Servlet\target\Dormitory_Management_Servlet\WEB-INF\classes\entity\Manager.class
[INFO] Deleting file D:\Java\Dormitory_Management_Servlet\target\Dormitory_Management_Servlet\WEB-INF\classes\entity\Invoice.class
[INFO] Deleting file D:\Java\Dormitory_Management_Servlet\target\Dormitory_Management_Servlet\WEB-INF\classes\entity\Contract.class
[INFO] Deleting file D:\Java\Dormitory_Management_Servlet\target\Dormitory_Management_Servlet\WEB-INF\classes\entity\Building.class
[INFO] Deleting directory D:\Java\Dormitory_Management_Servlet\target\Dormitory_Management_Servlet\WEB-INF\classes\entity
[INFO] Deleting directory D:\Java\Dormitory_Management_Servlet\target\Dormitory_Management_Servlet\WEB-INF\classes
[INFO] Deleting directory D:\Java\Dormitory_Management_Servlet\target\Dormitory_Management_Servlet\WEB-INF
[INFO] Deleting file D:\Java\Dormitory_Management_Servlet\target\Dormitory_Management_Servlet\student\verifyCode.jsp
[INFO] Deleting file D:\Java\Dormitory_Management_Servlet\target\Dormitory_Management_Servlet\student\updateProfile.jsp
[INFO] Deleting file D:\Java\Dormitory_Management_Servlet\target\Dormitory_Management_Servlet\student\resetPassword.jsp
[INFO] Deleting file D:\Java\Dormitory_Management_Servlet\target\Dormitory_Management_Servlet\student\forgetPassword.jsp
[INFO] Deleting file D:\Java\Dormitory_Management_Servlet\target\Dormitory_Management_Servlet\student\dashboard.jsp
[INFO] Deleting file D:\Java\Dormitory_Management_Servlet\target\Dormitory_Management_Servlet\student\bookRoom.jsp
[INFO] Deleting directory D:\Java\Dormitory_Management_Servlet\target\Dormitory_Management_Servlet\student
[INFO] Deleting file D:\Java\Dormitory_Management_Servlet\target\Dormitory_Management_Servlet\register.jsp
[INFO] Deleting file D:\Java\Dormitory_Management_Servlet\target\Dormitory_Management_Servlet\META-INF\MANIFEST.MF
[INFO] Deleting directory D:\Java\Dormitory_Management_Servlet\target\Dormitory_Management_Servlet\META-INF
[INFO] Deleting file D:\Java\Dormitory_Management_Servlet\target\Dormitory_Management_Servlet\loginAdmin.jsp
[INFO] Deleting file D:\Java\Dormitory_Management_Servlet\target\Dormitory_Management_Servlet\login.jsp
[INFO] Deleting file D:\Java\Dormitory_Management_Servlet\target\Dormitory_Management_Servlet\js\chat.js
[INFO] Deleting directory D:\Java\Dormitory_Management_Servlet\target\Dormitory_Management_Servlet\js
[INFO] Deleting file D:\Java\Dormitory_Management_Servlet\target\Dormitory_Management_Servlet\index.jsp
[INFO] Deleting file D:\Java\Dormitory_Management_Servlet\target\Dormitory_Management_Servlet\images\qr_code.jpg
[INFO] Deleting file D:\Java\Dormitory_Management_Servlet\target\Dormitory_Management_Servlet\images\login\logo.png
[INFO] Deleting directory D:\Java\Dormitory_Management_Servlet\target\Dormitory_Management_Servlet\images\login
[INFO] Deleting file D:\Java\Dormitory_Management_Servlet\target\Dormitory_Management_Servlet\images\homepage\slide (4).png
[INFO] Deleting file D:\Java\Dormitory_Management_Servlet\target\Dormitory_Management_Servlet\images\homepage\slide (3).png
[INFO] Deleting file D:\Java\Dormitory_Management_Servlet\target\Dormitory_Management_Servlet\images\homepage\slide (2).png
[INFO] Deleting file D:\Java\Dormitory_Management_Servlet\target\Dormitory_Management_Servlet\images\homepage\slide (1).png
[INFO] Deleting file D:\Java\Dormitory_Management_Servlet\target\Dormitory_Management_Servlet\images\homepage\logo.png
[INFO] Deleting directory D:\Java\Dormitory_Management_Servlet\target\Dormitory_Management_Servlet\images\homepage
[INFO] Deleting file D:\Java\Dormitory_Management_Servlet\target\Dormitory_Management_Servlet\images\avt.jpg
[INFO] Deleting directory D:\Java\Dormitory_Management_Servlet\target\Dormitory_Management_Servlet\images
[INFO] Deleting file D:\Java\Dormitory_Management_Servlet\target\Dormitory_Management_Servlet\css\styles.css
[INFO] Deleting file D:\Java\Dormitory_Management_Servlet\target\Dormitory_Management_Servlet\css\register.css
[INFO] Deleting file D:\Java\Dormitory_Management_Servlet\target\Dormitory_Management_Servlet\css\login.css
[INFO] Deleting file D:\Java\Dormitory_Management_Servlet\target\Dormitory_Management_Servlet\css\homepage.css
[INFO] Deleting file D:\Java\Dormitory_Management_Servlet\target\Dormitory_Management_Servlet\css\editInfo.css
[INFO] Deleting directory D:\Java\Dormitory_Management_Servlet\target\Dormitory_Management_Servlet\css
[INFO] Deleting file D:\Java\Dormitory_Management_Servlet\target\Dormitory_Management_Servlet\admin\passwordChange.jsp
[INFO] Deleting file D:\Java\Dormitory_Management_Servlet\target\Dormitory_Management_Servlet\admin\genderPieChart.jsp
[INFO] Deleting file D:\Java\Dormitory_Management_Servlet\target\Dormitory_Management_Servlet\admin\editRoom.jsp
[INFO] Deleting file D:\Java\Dormitory_Management_Servlet\target\Dormitory_Management_Servlet\admin\editInvoice.jsp
[INFO] Deleting file D:\Java\Dormitory_Management_Servlet\target\Dormitory_Management_Servlet\admin\dashboard.jsp
[INFO] Deleting file D:\Java\Dormitory_Management_Servlet\target\Dormitory_Management_Servlet\admin\addRoom.jsp
[INFO] Deleting directory D:\Java\Dormitory_Management_Servlet\target\Dormitory_Management_Servlet\admin
[INFO] Deleting directory D:\Java\Dormitory_Management_Servlet\target\Dormitory_Management_Servlet
[INFO] Deleting file D:\Java\Dormitory_Management_Servlet\target\classes\websocket\ChatEndpoint.class
[INFO] Deleting directory D:\Java\Dormitory_Management_Servlet\target\classes\websocket
[INFO] Deleting file D:\Java\Dormitory_Management_Servlet\target\classes\util\HibernateUtil.class
[INFO] Deleting file D:\Java\Dormitory_Management_Servlet\target\classes\util\CommonLogger.class
[INFO] Deleting directory D:\Java\Dormitory_Management_Servlet\target\classes\util
[INFO] Deleting file D:\Java\Dormitory_Management_Servlet\target\classes\templates\invoice.html
[INFO] Deleting directory D:\Java\Dormitory_Management_Servlet\target\classes\templates
[INFO] Deleting file D:\Java\Dormitory_Management_Servlet\target\classes\servlet\VerifyCodeServlet.class
[INFO] Deleting file D:\Java\Dormitory_Management_Servlet\target\classes\servlet\UpdateProfileServlet.class
[INFO] Deleting file D:\Java\Dormitory_Management_Servlet\target\classes\servlet\SendResetCodeServlet.class
[INFO] Deleting file D:\Java\Dormitory_Management_Servlet\target\classes\servlet\SendResetCodeServlet$1.class
[INFO] Deleting file D:\Java\Dormitory_Management_Servlet\target\classes\servlet\RoomServlet.class
[INFO] Deleting file D:\Java\Dormitory_Management_Servlet\target\classes\servlet\RoomBookingServlet.class
[INFO] Deleting file D:\Java\Dormitory_Management_Servlet\target\classes\servlet\ResetPasswordServlet.class
[INFO] Deleting file D:\Java\Dormitory_Management_Servlet\target\classes\servlet\RegisterServlet.class
[INFO] Deleting file D:\Java\Dormitory_Management_Servlet\target\classes\servlet\PrintInvoiceServlet.class
[INFO] Deleting file D:\Java\Dormitory_Management_Servlet\target\classes\servlet\LoginStudentServlet.class
[INFO] Deleting file D:\Java\Dormitory_Management_Servlet\target\classes\servlet\LoginAdminServlet.class
[INFO] Deleting file D:\Java\Dormitory_Management_Servlet\target\classes\servlet\GenderDataServlet.class
[INFO] Deleting file D:\Java\Dormitory_Management_Servlet\target\classes\servlet\EditRoomServlet.class
[INFO] Deleting file D:\Java\Dormitory_Management_Servlet\target\classes\servlet\EditInvoiceServlet.class
[INFO] Deleting file D:\Java\Dormitory_Management_Servlet\target\classes\servlet\DeleteStudentServlet.class
[INFO] Deleting file D:\Java\Dormitory_Management_Servlet\target\classes\servlet\DashboardServlet.class
[INFO] Deleting file D:\Java\Dormitory_Management_Servlet\target\classes\servlet\DashboardAdminServlet.class
[INFO] Deleting file D:\Java\Dormitory_Management_Servlet\target\classes\servlet\BuildingServlet.class
[INFO] Deleting file D:\Java\Dormitory_Management_Servlet\target\classes\servlet\AddRoomServlet.class
[INFO] Deleting directory D:\Java\Dormitory_Management_Servlet\target\classes\servlet
[INFO] Deleting file D:\Java\Dormitory_Management_Servlet\target\classes\logback.xml
[INFO] Deleting file D:\Java\Dormitory_Management_Servlet\target\classes\images\logo.png
[INFO] Deleting directory D:\Java\Dormitory_Management_Servlet\target\classes\images
[INFO] Deleting file D:\Java\Dormitory_Management_Servlet\target\classes\hibernate.cfg.xml
[INFO] Deleting file D:\Java\Dormitory_Management_Servlet\target\classes\fonts\NotoSerif-Regular.ttf
[INFO] Deleting directory D:\Java\Dormitory_Management_Servlet\target\classes\fonts
[INFO] Deleting file D:\Java\Dormitory_Management_Servlet\target\classes\entity\Student.class
[INFO] Deleting file D:\Java\Dormitory_Management_Servlet\target\classes\entity\Room.class
[INFO] Deleting file D:\Java\Dormitory_Management_Servlet\target\classes\entity\Manager.class
[INFO] Deleting file D:\Java\Dormitory_Management_Servlet\target\classes\entity\Invoice.class
[INFO] Deleting file D:\Java\Dormitory_Management_Servlet\target\classes\entity\Contract.class
[INFO] Deleting file D:\Java\Dormitory_Management_Servlet\target\classes\entity\Building.class
[INFO] Deleting directory D:\Java\Dormitory_Management_Servlet\target\classes\entity
[INFO] Deleting directory D:\Java\Dormitory_Management_Servlet\target\classes
[INFO] Deleting directory D:\Java\Dormitory_Management_Servlet\target
[DEBUG] Skipping non-existing directory D:\Java\Dormitory_Management_Servlet\target\classes
[DEBUG] Skipping non-existing directory D:\Java\Dormitory_Management_Servlet\target\test-classes
[DEBUG] Skipping non-existing directory D:\Java\Dormitory_Management_Servlet\target\classes
[INFO] 
[INFO] --- resources:3.3.1:resources (default-resources) @ Dormitory_Management_Servlet ---
[DEBUG] Dependency collection stats {ConflictMarker.analyzeTime=65500, ConflictMarker.markTime=92900, ConflictMarker.nodeCount=13, ConflictIdSorter.graphTime=36600, ConflictIdSorter.topsortTime=20500, ConflictIdSorter.conflictIdCount=9, ConflictIdSorter.conflictIdCycleCount=0, ConflictResolver.totalTime=256000, ConflictResolver.conflictItemCount=13, DfDependencyCollector.collectTime=114515100, DfDependencyCollector.transformTime=514000}
[DEBUG] org.apache.maven.plugins:maven-resources-plugin:jar:3.3.1
[DEBUG]    org.codehaus.plexus:plexus-interpolation:jar:1.26:runtime
[DEBUG]    org.codehaus.plexus:plexus-utils:jar:3.5.1:compile
[DEBUG]    org.apache.maven.shared:maven-filtering:jar:3.3.1:compile
[DEBUG]       javax.inject:javax.inject:jar:1:compile
[DEBUG]       org.slf4j:slf4j-api:jar:1.7.36:compile
[DEBUG]       org.sonatype.plexus:plexus-build-api:jar:0.0.7:compile
[DEBUG]    commons-io:commons-io:jar:2.11.0:compile
[DEBUG]    org.apache.commons:commons-lang3:jar:3.12.0:compile
[DEBUG] Created new class realm plugin>org.apache.maven.plugins:maven-resources-plugin:3.3.1
[DEBUG] Importing foreign packages into class realm plugin>org.apache.maven.plugins:maven-resources-plugin:3.3.1
[DEBUG]   Imported:  < maven.api
[DEBUG] Populating class realm plugin>org.apache.maven.plugins:maven-resources-plugin:3.3.1
[DEBUG]   Included: org.apache.maven.plugins:maven-resources-plugin:jar:3.3.1
[DEBUG]   Included: org.codehaus.plexus:plexus-interpolation:jar:1.26
[DEBUG]   Included: org.codehaus.plexus:plexus-utils:jar:3.5.1
[DEBUG]   Included: org.apache.maven.shared:maven-filtering:jar:3.3.1
[DEBUG]   Included: org.sonatype.plexus:plexus-build-api:jar:0.0.7
[DEBUG]   Included: commons-io:commons-io:jar:2.11.0
[DEBUG]   Included: org.apache.commons:commons-lang3:jar:3.12.0
[DEBUG] Loading mojo org.apache.maven.plugins:maven-resources-plugin:3.3.1:resources from plugin realm ClassRealm[plugin>org.apache.maven.plugins:maven-resources-plugin:3.3.1, parent: jdk.internal.loader.ClassLoaders$AppClassLoader@33909752]
[DEBUG] Configuring mojo execution 'org.apache.maven.plugins:maven-resources-plugin:3.3.1:resources:default-resources' with basic configurator -->
[DEBUG]   (f) addDefaultExcludes = true
[DEBUG]   (f) buildFilters = []
[DEBUG]   (f) encoding = UTF-8
[DEBUG]   (f) escapeWindowsPaths = true
[DEBUG]   (f) fileNameFiltering = false
[DEBUG]   (s) includeEmptyDirs = false
[DEBUG]   (s) outputDirectory = D:\Java\Dormitory_Management_Servlet\target\classes
[DEBUG]   (s) overwrite = false
[DEBUG]   (f) project = MavenProject: com.dormitory:Dormitory_Management_Servlet:1.0-SNAPSHOT @ D:\Java\Dormitory_Management_Servlet\pom.xml
[DEBUG]   (s) resources = [Resource {targetPath: null, filtering: false, FileSet {directory: D:\Java\Dormitory_Management_Servlet\src\main\resources, PatternSet [includes: {}, excludes: {}]}}]
[DEBUG]   (f) session = org.apache.maven.execution.MavenSession@7d2998d8
[DEBUG]   (f) skip = false
[DEBUG]   (f) supportMultiLineFiltering = false
[DEBUG]   (f) useBuildFilters = true
[DEBUG]   (s) useDefaultDelimiters = true
[DEBUG] -- end configuration --
[DEBUG] properties used:
[DEBUG] classworlds.conf: C:\Program Files\apache-maven-3.9.9\bin\m2.conf
[DEBUG] env.=D:: D:\Java\Dormitory_Management_Servlet
[DEBUG] env.ALLUSERSPROFILE: C:\ProgramData
[DEBUG] env.APPDATA: C:\Users\ASUS\AppData\Roaming
[DEBUG] env.ASL.LOG: Destination=file
[DEBUG] env.CLASSWORLDS_JAR: "C:\Program Files\apache-maven-3.9.9\boot\plexus-classworlds-2.8.0.jar"
[DEBUG] env.CLASSWORLDS_LAUNCHER: org.codehaus.plexus.classworlds.launcher.Launcher
[DEBUG] env.COMMONPROGRAMFILES: C:\Program Files\Common Files
[DEBUG] env.COMMONPROGRAMFILES(X86): C:\Program Files (x86)\Common Files
[DEBUG] env.COMMONPROGRAMW6432: C:\Program Files\Common Files
[DEBUG] env.COMPUTERNAME: DESKTOP-6DOG8SA
[DEBUG] env.COMSPEC: C:\WINDOWS\system32\cmd.exe
[DEBUG] env.DRIVERDATA: C:\Windows\System32\Drivers\DriverData
[DEBUG] env.ERROR_CODE: 0
[DEBUG] env.EXEC_DIR: D:\Java\Dormitory_Management_Servlet
[DEBUG] env.HOMEDRIVE: C:
[DEBUG] env.HOMEPATH: \Users\ASUS
[DEBUG] env.JAVACMD: C:\Program Files\Java\jdk-23\bin\java.exe
[DEBUG] env.JAVA_HOME: C:\Program Files\Java\jdk-23
[DEBUG] env.JVMCONFIG: \.mvn\jvm.config
[DEBUG] env.LOCALAPPDATA: C:\Users\ASUS\AppData\Local
[DEBUG] env.LOGONSERVER: \\DESKTOP-6DOG8SA
[DEBUG] env.M2_HOME: C:\Program Files\apache-maven-3.9.9
[DEBUG] env.MAVEN_CMD_LINE_ARGS: clean package -X
[DEBUG] env.MAVEN_HOME: C:\Program Files\apache-maven-3.9.9
[DEBUG] env.MAVEN_PROJECTBASEDIR: D:\Java\Dormitory_Management_Servlet
[DEBUG] env.MINGW: C:\MinGW\bin\
[DEBUG] env.NUMBER_OF_PROCESSORS: 8
[DEBUG] env.ONEDRIVE: C:\Users\ASUS\OneDrive
[DEBUG] env.ONEDRIVECONSUMER: C:\Users\ASUS\OneDrive
[DEBUG] env.OS: Windows_NT
[DEBUG] env.PATH: C:\ProgramData\Oracle\Java\javapath;C:\Program Files\Common Files\Oracle\Java\javapath;C:\WINDOWS\system32;C:\WINDOWS;C:\WINDOWS\System32\Wbem;C:\WINDOWS\System32\WindowsPowerShell\v1.0\;C:\WINDOWS\System32\OpenSSH\;C:\Program Files\dotnet\;C:\Program Files\Cloudflare\Cloudflare WARP\;C:\Program Files (x86)\Microsoft SQL Server\160\DTS\Binn\;C:\Program Files (x86)\Microsoft SQL Server\160\Tools\Binn\;C:\Program Files\Microsoft SQL Server\160\Tools\Binn\;C:\Program Files\Microsoft SQL Server\Client SDK\ODBC\170\Tools\Binn\;C:\Program Files\Microsoft SQL Server\160\DTS\Binn\;C:\Program Files\Git\cmd;C:\MinGW\bin;C:\Program Files\Java\jdk-23\bin;C:\Program Files\apache-maven-3.9.9\bin;C:\Program Files\nodejs\;C:\Users\ASUS\AppData\Local\Microsoft\WindowsApps;C:\Users\ASUS\AppData\Local\Programs\Microsoft VS Code\bin;C:\Users\ASUS\AppData\Roaming\npm
[DEBUG] env.PATHEXT: .COM;.EXE;.BAT;.CMD;.VBS;.VBE;.JS;.JSE;.WSF;.WSH;.MSC;.CPL
[DEBUG] env.PROCESSOR_ARCHITECTURE: AMD64
[DEBUG] env.PROCESSOR_IDENTIFIER: Intel64 Family 6 Model 140 Stepping 1, GenuineIntel
[DEBUG] env.PROCESSOR_LEVEL: 6
[DEBUG] env.PROCESSOR_REVISION: 8c01
[DEBUG] env.PROGRAMDATA: C:\ProgramData
[DEBUG] env.PROGRAMFILES: C:\Program Files
[DEBUG] env.PROGRAMFILES(X86): C:\Program Files (x86)
[DEBUG] env.PROGRAMW6432: C:\Program Files
[DEBUG] env.PROMPT: $P$G
[DEBUG] env.PSMODULEPATH: C:\Users\ASUS\OneDrive\Documents\WindowsPowerShell\Modules;C:\Program Files\WindowsPowerShell\Modules;C:\WINDOWS\system32\WindowsPowerShell\v1.0\Modules;C:\Program Files (x86)\Microsoft SQL Server\160\Tools\PowerShell\Modules\
[DEBUG] env.PUBLIC: C:\Users\Public
[DEBUG] env.SESSIONNAME: Console
[DEBUG] env.SYSTEMDRIVE: C:
[DEBUG] env.SYSTEMROOT: C:\WINDOWS
[DEBUG] env.TEMP: C:\Users\ASUS\AppData\Local\Temp
[DEBUG] env.TMP: C:\Users\ASUS\AppData\Local\Temp
[DEBUG] env.USERDOMAIN: DESKTOP-6DOG8SA
[DEBUG] env.USERDOMAIN_ROAMINGPROFILE: DESKTOP-6DOG8SA
[DEBUG] env.USERNAME: ASUS
[DEBUG] env.USERPROFILE: C:\Users\ASUS
[DEBUG] env.WDIR: D:\
[DEBUG] env.WINDIR: C:\WINDOWS
[DEBUG] env.WSLENV: WT_SESSION:WT_PROFILE_ID:
[DEBUG] env.WT_PROFILE_ID: {61c54bbd-c2c6-5271-96e7-009a87ff44bf}
[DEBUG] env.WT_SESSION: d2ad6c58-806c-4c9f-b293-0f749b90dfa2
[DEBUG] env.ZES_ENABLE_SYSMAN: 1
[DEBUG] file.encoding: UTF-8
[DEBUG] file.separator: \
[DEBUG] itext.version: 9.1.0
[DEBUG] java.class.path: C:\Program Files\apache-maven-3.9.9\boot\plexus-classworlds-2.8.0.jar
[DEBUG] java.class.version: 67.0
[DEBUG] java.home: C:\Program Files\Java\jdk-23
[DEBUG] java.io.tmpdir: C:\Users\ASUS\AppData\Local\Temp\
[DEBUG] java.library.path: C:\Program Files\Java\jdk-23\bin;C:\WINDOWS\Sun\Java\bin;C:\WINDOWS\system32;C:\WINDOWS;C:\ProgramData\Oracle\Java\javapath;C:\Program Files\Common Files\Oracle\Java\javapath;C:\WINDOWS\system32;C:\WINDOWS;C:\WINDOWS\System32\Wbem;C:\WINDOWS\System32\WindowsPowerShell\v1.0\;C:\WINDOWS\System32\OpenSSH\;C:\Program Files\dotnet\;C:\Program Files\Cloudflare\Cloudflare WARP\;C:\Program Files (x86)\Microsoft SQL Server\160\DTS\Binn\;C:\Program Files (x86)\Microsoft SQL Server\160\Tools\Binn\;C:\Program Files\Microsoft SQL Server\160\Tools\Binn\;C:\Program Files\Microsoft SQL Server\Client SDK\ODBC\170\Tools\Binn\;C:\Program Files\Microsoft SQL Server\160\DTS\Binn\;C:\Program Files\Git\cmd;C:\MinGW\bin;C:\Program Files\Java\jdk-23\bin;C:\Program Files\apache-maven-3.9.9\bin;C:\Program Files\nodejs\;C:\Users\ASUS\AppData\Local\Microsoft\WindowsApps;C:\Users\ASUS\AppData\Local\Programs\Microsoft VS Code\bin;C:\Users\ASUS\AppData\Roaming\npm;.
[DEBUG] java.runtime.name: Java(TM) SE Runtime Environment
[DEBUG] java.runtime.version: 23.0.1+11-39
[DEBUG] java.specification.name: Java Platform API Specification
[DEBUG] java.specification.vendor: Oracle Corporation
[DEBUG] java.specification.version: 23
[DEBUG] java.vendor: Oracle Corporation
[DEBUG] java.vendor.url: https://java.oracle.com/
[DEBUG] java.vendor.url.bug: https://bugreport.java.com/bugreport/
[DEBUG] java.version: 23.0.1
[DEBUG] java.version.date: 2024-10-15
[DEBUG] java.vm.compressedOopsMode: 32-bit
[DEBUG] java.vm.info: mixed mode, sharing
[DEBUG] java.vm.name: Java HotSpot(TM) 64-Bit Server VM
[DEBUG] java.vm.specification.name: Java Virtual Machine Specification
[DEBUG] java.vm.specification.vendor: Oracle Corporation
[DEBUG] java.vm.specification.version: 23
[DEBUG] java.vm.vendor: Oracle Corporation
[DEBUG] java.vm.version: 23.0.1+11-39
[DEBUG] jdk.debug: release
[DEBUG] library.jansi.path: C:\Program Files\apache-maven-3.9.9\lib\jansi-native
[DEBUG] line.separator: 

[DEBUG] maven.build.timestamp: 2025-05-06T16:26:30Z
[DEBUG] maven.build.version: Apache Maven 3.9.9 (8e8579a9e76f7d015ee5ec7bfcdc97d260186937)
[DEBUG] maven.compiler.source: 23
[DEBUG] maven.compiler.target: 23
[DEBUG] maven.conf: C:\Program Files\apache-maven-3.9.9/conf
[DEBUG] maven.home: C:\Program Files\apache-maven-3.9.9
[DEBUG] maven.multiModuleProjectDirectory: D:\Java\Dormitory_Management_Servlet
[DEBUG] maven.version: 3.9.9
[DEBUG] native.encoding: Cp1252
[DEBUG] os.arch: amd64
[DEBUG] os.name: Windows 11
[DEBUG] os.version: 10.0
[DEBUG] path.separator: ;
[DEBUG] project.baseUri: file:/D:/Java/Dormitory_Management_Servlet/
[DEBUG] project.build.sourceEncoding: UTF-8
[DEBUG] stderr.encoding: cp437
[DEBUG] stdout.encoding: Cp1252
[DEBUG] sun.arch.data.model: 64
[DEBUG] sun.boot.library.path: C:\Program Files\Java\jdk-23\bin
[DEBUG] sun.cpu.endian: little
[DEBUG] sun.cpu.isalist: amd64
[DEBUG] sun.io.unicode.encoding: UnicodeLittle
[DEBUG] sun.java.command: org.codehaus.plexus.classworlds.launcher.Launcher clean package -X
[DEBUG] sun.java.launcher: SUN_STANDARD
[DEBUG] sun.jnu.encoding: Cp1252
[DEBUG] sun.management.compiler: HotSpot 64-Bit Tiered Compilers
[DEBUG] sun.os.patch.level: 
[DEBUG] user.country: US
[DEBUG] user.dir: D:\Java\Dormitory_Management_Servlet
[DEBUG] user.home: C:\Users\ASUS
[DEBUG] user.language: en
[DEBUG] user.name: ASUS
[DEBUG] user.script: 
[DEBUG] user.variant: 
[DEBUG] Using 'UTF-8' encoding to copy filtered resources.
[DEBUG] Using 'UTF-8' encoding to copy filtered properties files.
[DEBUG] resource with targetPath null
directory D:\Java\Dormitory_Management_Servlet\src\main\resources
excludes []
includes []
[DEBUG] ignoreDelta true
[INFO] Copying 5 resources from src\main\resources to target\classes
[DEBUG] Copying file fonts\NotoSerif-Regular.ttf
[DEBUG] file NotoSerif-Regular.ttf has a filtered file extension
[DEBUG] Using 'UTF-8' encoding to copy filtered resource 'NotoSerif-Regular.ttf'.
[DEBUG] copy D:\Java\Dormitory_Management_Servlet\src\main\resources\fonts\NotoSerif-Regular.ttf to D:\Java\Dormitory_Management_Servlet\target\classes\fonts\NotoSerif-Regular.ttf
[DEBUG] Copying file hibernate.cfg.xml
[DEBUG] file hibernate.cfg.xml has a filtered file extension
[DEBUG] Using 'UTF-8' encoding to copy filtered resource 'hibernate.cfg.xml'.
[DEBUG] copy D:\Java\Dormitory_Management_Servlet\src\main\resources\hibernate.cfg.xml to D:\Java\Dormitory_Management_Servlet\target\classes\hibernate.cfg.xml
[DEBUG] Copying file images\logo.png
[DEBUG] file logo.png has a non filtered file extension
[DEBUG] Using 'UTF-8' encoding to copy filtered resource 'logo.png'.
[DEBUG] copy D:\Java\Dormitory_Management_Servlet\src\main\resources\images\logo.png to D:\Java\Dormitory_Management_Servlet\target\classes\images\logo.png
[DEBUG] Copying file logback.xml
[DEBUG] file logback.xml has a filtered file extension
[DEBUG] Using 'UTF-8' encoding to copy filtered resource 'logback.xml'.
[DEBUG] copy D:\Java\Dormitory_Management_Servlet\src\main\resources\logback.xml to D:\Java\Dormitory_Management_Servlet\target\classes\logback.xml
[DEBUG] Copying file templates\invoice.html
[DEBUG] file invoice.html has a filtered file extension
[DEBUG] Using 'UTF-8' encoding to copy filtered resource 'invoice.html'.
[DEBUG] copy D:\Java\Dormitory_Management_Servlet\src\main\resources\templates\invoice.html to D:\Java\Dormitory_Management_Servlet\target\classes\templates\invoice.html
[DEBUG] no user filter components
[INFO] 
[INFO] --- compiler:3.8.1:compile (default-compile) @ Dormitory_Management_Servlet ---
[DEBUG] Using mirror maven-default-http-blocker (http://0.0.0.0/) for apache.snapshots (http://repository.apache.org/snapshots).
[DEBUG] Using mirror maven-default-http-blocker (http://0.0.0.0/) for codehaus.snapshots (http://snapshots.repository.codehaus.org).
[DEBUG] Using mirror maven-default-http-blocker (http://0.0.0.0/) for ow2-snapshot (http://repository.ow2.org/nexus/content/repositories/snapshots).
[DEBUG] Dependency collection stats {ConflictMarker.analyzeTime=500400, ConflictMarker.markTime=157600, ConflictMarker.nodeCount=118, ConflictIdSorter.graphTime=123900, ConflictIdSorter.topsortTime=53600, ConflictIdSorter.conflictIdCount=45, ConflictIdSorter.conflictIdCycleCount=0, ConflictResolver.totalTime=1479500, ConflictResolver.conflictItemCount=72, DfDependencyCollector.collectTime=542823900, DfDependencyCollector.transformTime=2373000}
[DEBUG] org.apache.maven.plugins:maven-compiler-plugin:jar:3.8.1
[DEBUG]    org.apache.maven:maven-plugin-api:jar:3.0:compile
[DEBUG]       org.apache.maven:maven-model:jar:3.0:compile
[DEBUG]       org.sonatype.sisu:sisu-inject-plexus:jar:1.4.2:compile
[DEBUG]          org.sonatype.sisu:sisu-inject-bean:jar:1.4.2:compile
[DEBUG]             org.sonatype.sisu:sisu-guice:jar:noaop:2.1.7:compile
[DEBUG]    org.apache.maven:maven-artifact:jar:3.0:compile
[DEBUG]       org.codehaus.plexus:plexus-utils:jar:2.0.4:compile
[DEBUG]    org.apache.maven:maven-core:jar:3.0:compile
[DEBUG]       org.apache.maven:maven-settings:jar:3.0:compile
[DEBUG]       org.apache.maven:maven-settings-builder:jar:3.0:compile
[DEBUG]       org.apache.maven:maven-repository-metadata:jar:3.0:compile
[DEBUG]       org.apache.maven:maven-model-builder:jar:3.0:compile
[DEBUG]       org.apache.maven:maven-aether-provider:jar:3.0:runtime
[DEBUG]       org.sonatype.aether:aether-impl:jar:1.7:compile
[DEBUG]          org.sonatype.aether:aether-spi:jar:1.7:compile
[DEBUG]       org.sonatype.aether:aether-api:jar:1.7:compile
[DEBUG]       org.sonatype.aether:aether-util:jar:1.7:compile
[DEBUG]       org.codehaus.plexus:plexus-interpolation:jar:1.14:compile
[DEBUG]       org.codehaus.plexus:plexus-classworlds:jar:2.2.3:compile
[DEBUG]       org.codehaus.plexus:plexus-component-annotations:jar:1.7.1:compile (version managed from default)
[DEBUG]       org.sonatype.plexus:plexus-sec-dispatcher:jar:1.3:compile
[DEBUG]          org.sonatype.plexus:plexus-cipher:jar:1.4:compile
[DEBUG]    org.apache.maven.shared:maven-shared-utils:jar:3.2.1:compile
[DEBUG]       commons-io:commons-io:jar:2.5:compile
[DEBUG]    org.apache.maven.shared:maven-shared-incremental:jar:1.1:compile
[DEBUG]    org.codehaus.plexus:plexus-java:jar:0.9.10:compile
[DEBUG]       org.ow2.asm:asm:jar:6.2:compile
[DEBUG]       com.thoughtworks.qdox:qdox:jar:2.0-M9:compile (version managed from default)
[DEBUG]    org.codehaus.plexus:plexus-compiler-api:jar:2.8.4:compile
[DEBUG]    org.codehaus.plexus:plexus-compiler-manager:jar:2.8.4:compile
[DEBUG]    org.codehaus.plexus:plexus-compiler-javac:jar:2.8.4:runtime
[DEBUG] Created new class realm plugin>org.apache.maven.plugins:maven-compiler-plugin:3.8.1
[DEBUG] Importing foreign packages into class realm plugin>org.apache.maven.plugins:maven-compiler-plugin:3.8.1
[DEBUG]   Imported:  < maven.api
[DEBUG] Populating class realm plugin>org.apache.maven.plugins:maven-compiler-plugin:3.8.1
[DEBUG]   Included: org.apache.maven.plugins:maven-compiler-plugin:jar:3.8.1
[DEBUG]   Included: org.sonatype.sisu:sisu-inject-bean:jar:1.4.2
[DEBUG]   Included: org.sonatype.sisu:sisu-guice:jar:noaop:2.1.7
[DEBUG]   Included: org.codehaus.plexus:plexus-utils:jar:2.0.4
[DEBUG]   Included: org.sonatype.aether:aether-util:jar:1.7
[DEBUG]   Included: org.codehaus.plexus:plexus-interpolation:jar:1.14
[DEBUG]   Included: org.codehaus.plexus:plexus-component-annotations:jar:1.7.1
[DEBUG]   Included: org.sonatype.plexus:plexus-sec-dispatcher:jar:1.3
[DEBUG]   Included: org.sonatype.plexus:plexus-cipher:jar:1.4
[DEBUG]   Included: org.apache.maven.shared:maven-shared-utils:jar:3.2.1
[DEBUG]   Included: commons-io:commons-io:jar:2.5
[DEBUG]   Included: org.apache.maven.shared:maven-shared-incremental:jar:1.1
[DEBUG]   Included: org.codehaus.plexus:plexus-java:jar:0.9.10
[DEBUG]   Included: org.ow2.asm:asm:jar:6.2
[DEBUG]   Included: com.thoughtworks.qdox:qdox:jar:2.0-M9
[DEBUG]   Included: org.codehaus.plexus:plexus-compiler-api:jar:2.8.4
[DEBUG]   Included: org.codehaus.plexus:plexus-compiler-manager:jar:2.8.4
[DEBUG]   Included: org.codehaus.plexus:plexus-compiler-javac:jar:2.8.4
[DEBUG] Loading mojo org.apache.maven.plugins:maven-compiler-plugin:3.8.1:compile from plugin realm ClassRealm[plugin>org.apache.maven.plugins:maven-compiler-plugin:3.8.1, parent: jdk.internal.loader.ClassLoaders$AppClassLoader@33909752]
[DEBUG] Configuring mojo execution 'org.apache.maven.plugins:maven-compiler-plugin:3.8.1:compile:default-compile' with basic configurator -->
[DEBUG]   (f) basedir = D:\Java\Dormitory_Management_Servlet
[DEBUG]   (f) buildDirectory = D:\Java\Dormitory_Management_Servlet\target
[DEBUG]   (f) compilePath = [D:\Java\Dormitory_Management_Servlet\target\classes, C:\Users\ASUS\.m2\repository\org\hibernate\orm\hibernate-core\6.6.13.Final\hibernate-core-6.6.13.Final.jar, C:\Users\ASUS\.m2\repository\jakarta\transaction\jakarta.transaction-api\2.0.1\jakarta.transaction-api-2.0.1.jar, C:\Users\ASUS\.m2\repository\jakarta\persistence\jakarta.persistence-api\3.1.0\jakarta.persistence-api-3.1.0.jar, C:\Users\ASUS\.m2\repository\com\mysql\mysql-connector-j\9.1.0\mysql-connector-j-9.1.0.jar, C:\Users\ASUS\.m2\repository\com\google\protobuf\protobuf-java\4.26.1\protobuf-java-4.26.1.jar, C:\Users\ASUS\.m2\repository\jakarta\servlet\jakarta.servlet-api\6.1.0\jakarta.servlet-api-6.1.0.jar, C:\Users\ASUS\.m2\repository\org\mindrot\jbcrypt\0.4\jbcrypt-0.4.jar, C:\Users\ASUS\.m2\repository\javax\websocket\javax.websocket-api\1.1\javax.websocket-api-1.1.jar, C:\Users\ASUS\.m2\repository\jakarta\websocket\jakarta.websocket-api\2.2.0\jakarta.websocket-api-2.2.0.jar, C:\Users\ASUS\.m2\repository\jakarta\servlet\jsp\jstl\jakarta.servlet.jsp.jstl-api\3.0.2\jakarta.servlet.jsp.jstl-api-3.0.2.jar, C:\Users\ASUS\.m2\repository\jakarta\el\jakarta.el-api\5.0.0\jakarta.el-api-5.0.0.jar, C:\Users\ASUS\.m2\repository\org\glassfish\web\jakarta.servlet.jsp.jstl\3.0.1\jakarta.servlet.jsp.jstl-3.0.1.jar, C:\Users\ASUS\.m2\repository\com\sun\mail\jakarta.mail\2.0.1\jakarta.mail-2.0.1.jar, C:\Users\ASUS\.m2\repository\com\sun\activation\jakarta.activation\2.0.1\jakarta.activation-2.0.1.jar, C:\Users\ASUS\.m2\repository\ch\qos\logback\logback-classic\1.5.16\logback-classic-1.5.16.jar, C:\Users\ASUS\.m2\repository\ch\qos\logback\logback-core\1.5.16\logback-core-1.5.16.jar, C:\Users\ASUS\.m2\repository\com\itextpdf\html2pdf\6.1.0\html2pdf-6.1.0.jar, C:\Users\ASUS\.m2\repository\com\itextpdf\svg\9.1.0\svg-9.1.0.jar, C:\Users\ASUS\.m2\repository\com\itextpdf\styled-xml-parser\9.1.0\styled-xml-parser-9.1.0.jar, C:\Users\ASUS\.m2\repository\com\itextpdf\pdfa\9.1.0\pdfa-9.1.0.jar, C:\Users\ASUS\.m2\repository\com\itextpdf\kernel\9.1.0\kernel-9.1.0.jar, C:\Users\ASUS\.m2\repository\com\itextpdf\bouncy-castle-connector\9.1.0\bouncy-castle-connector-9.1.0.jar, C:\Users\ASUS\.m2\repository\com\itextpdf\io\9.1.0\io-9.1.0.jar, C:\Users\ASUS\.m2\repository\com\itextpdf\commons\9.1.0\commons-9.1.0.jar, C:\Users\ASUS\.m2\repository\com\itextpdf\forms\9.1.0\forms-9.1.0.jar, C:\Users\ASUS\.m2\repository\com\itextpdf\layout\9.1.0\layout-9.1.0.jar, C:\Users\ASUS\.m2\repository\org\slf4j\slf4j-api\2.0.16\slf4j-api-2.0.16.jar]
[DEBUG]   (f) compileSourceRoots = [D:\Java\Dormitory_Management_Servlet\src\main\java]
[DEBUG]   (f) compilerId = javac
[DEBUG]   (f) debug = true
[DEBUG]   (f) encoding = UTF-8
[DEBUG]   (f) failOnError = true
[DEBUG]   (f) failOnWarning = false
[DEBUG]   (f) forceJavacCompilerUse = false
[DEBUG]   (f) fork = false
[DEBUG]   (f) generatedSourcesDirectory = D:\Java\Dormitory_Management_Servlet\target\generated-sources\annotations
[DEBUG]   (f) mojoExecution = org.apache.maven.plugins:maven-compiler-plugin:3.8.1:compile {execution: default-compile}
[DEBUG]   (f) optimize = false
[DEBUG]   (f) outputDirectory = D:\Java\Dormitory_Management_Servlet\target\classes
[DEBUG]   (f) parameters = false
[DEBUG]   (f) project = MavenProject: com.dormitory:Dormitory_Management_Servlet:1.0-SNAPSHOT @ D:\Java\Dormitory_Management_Servlet\pom.xml
[DEBUG]   (f) projectArtifact = com.dormitory:Dormitory_Management_Servlet:war:1.0-SNAPSHOT
[DEBUG]   (s) release = 8
[DEBUG]   (f) session = org.apache.maven.execution.MavenSession@7d2998d8
[DEBUG]   (f) showDeprecation = false
[DEBUG]   (f) showWarnings = false
[DEBUG]   (f) skipMultiThreadWarning = false
[DEBUG]   (f) source = 23
[DEBUG]   (f) staleMillis = 0
[DEBUG]   (s) target = 23
[DEBUG]   (f) useIncrementalCompilation = true
[DEBUG]   (f) verbose = false
[DEBUG] -- end configuration --
[DEBUG] Using compiler 'javac'.
[DEBUG] Adding D:\Java\Dormitory_Management_Servlet\target\generated-sources\annotations to compile source roots:
  D:\Java\Dormitory_Management_Servlet\src\main\java
[DEBUG] New compile source roots:
  D:\Java\Dormitory_Management_Servlet\src\main\java
  D:\Java\Dormitory_Management_Servlet\target\generated-sources\annotations
[DEBUG] CompilerReuseStrategy: reuseCreated
[DEBUG] useIncrementalCompilation enabled
[DEBUG] Stale source detected: D:\Java\Dormitory_Management_Servlet\src\main\java\entity\Manager.java
[DEBUG] Stale source detected: D:\Java\Dormitory_Management_Servlet\src\main\java\entity\Student.java
[DEBUG] Stale source detected: D:\Java\Dormitory_Management_Servlet\src\main\java\util\CommonLogger.java
[DEBUG] Stale source detected: D:\Java\Dormitory_Management_Servlet\src\main\java\servlet\DeleteStudentServlet.java
[DEBUG] Stale source detected: D:\Java\Dormitory_Management_Servlet\src\main\java\servlet\ResetPasswordServlet.java
[DEBUG] Stale source detected: D:\Java\Dormitory_Management_Servlet\src\main\java\servlet\VerifyCodeServlet.java
[DEBUG] Stale source detected: D:\Java\Dormitory_Management_Servlet\src\main\java\websocket\ChatEndpoint.java
[DEBUG] Stale source detected: D:\Java\Dormitory_Management_Servlet\src\main\java\entity\Building.java
[DEBUG] Stale source detected: D:\Java\Dormitory_Management_Servlet\src\main\java\util\HibernateUtil.java
[DEBUG] Stale source detected: D:\Java\Dormitory_Management_Servlet\src\main\java\servlet\RoomServlet.java
[DEBUG] Stale source detected: D:\Java\Dormitory_Management_Servlet\src\main\java\entity\Contract.java
[DEBUG] Stale source detected: D:\Java\Dormitory_Management_Servlet\src\main\java\servlet\EditRoomServlet.java
[DEBUG] Stale source detected: D:\Java\Dormitory_Management_Servlet\src\main\java\servlet\SendResetCodeServlet.java
[DEBUG] Stale source detected: D:\Java\Dormitory_Management_Servlet\src\main\java\servlet\PrintInvoiceServlet.java
[DEBUG] Stale source detected: D:\Java\Dormitory_Management_Servlet\src\main\java\servlet\RoomBookingServlet.java
[DEBUG] Stale source detected: D:\Java\Dormitory_Management_Servlet\src\main\java\entity\Room.java
[DEBUG] Stale source detected: D:\Java\Dormitory_Management_Servlet\src\main\java\servlet\LoginStudentServlet.java
[DEBUG] Stale source detected: D:\Java\Dormitory_Management_Servlet\src\main\java\servlet\UpdateProfileServlet.java
[DEBUG] Stale source detected: D:\Java\Dormitory_Management_Servlet\src\main\java\servlet\AddRoomServlet.java
[DEBUG] Stale source detected: D:\Java\Dormitory_Management_Servlet\src\main\java\servlet\GenderDataServlet.java
[DEBUG] Stale source detected: D:\Java\Dormitory_Management_Servlet\src\main\java\servlet\EditInvoiceServlet.java
[DEBUG] Stale source detected: D:\Java\Dormitory_Management_Servlet\src\main\java\servlet\DashboardServlet.java
[DEBUG] Stale source detected: D:\Java\Dormitory_Management_Servlet\src\main\java\servlet\RegisterServlet.java
[DEBUG] Stale source detected: D:\Java\Dormitory_Management_Servlet\src\main\java\servlet\DashboardAdminServlet.java
[DEBUG] Stale source detected: D:\Java\Dormitory_Management_Servlet\src\main\java\servlet\LoginAdminServlet.java
[DEBUG] Stale source detected: D:\Java\Dormitory_Management_Servlet\src\main\java\servlet\BuildingServlet.java
[DEBUG] Stale source detected: D:\Java\Dormitory_Management_Servlet\src\main\java\entity\Invoice.java
[INFO] Changes detected - recompiling the module!
[DEBUG] Classpath:
[DEBUG]  D:\Java\Dormitory_Management_Servlet\target\classes
[DEBUG]  C:\Users\ASUS\.m2\repository\org\hibernate\orm\hibernate-core\6.6.13.Final\hibernate-core-6.6.13.Final.jar
[DEBUG]  C:\Users\ASUS\.m2\repository\jakarta\transaction\jakarta.transaction-api\2.0.1\jakarta.transaction-api-2.0.1.jar
[DEBUG]  C:\Users\ASUS\.m2\repository\jakarta\persistence\jakarta.persistence-api\3.1.0\jakarta.persistence-api-3.1.0.jar
[DEBUG]  C:\Users\ASUS\.m2\repository\com\mysql\mysql-connector-j\9.1.0\mysql-connector-j-9.1.0.jar
[DEBUG]  C:\Users\ASUS\.m2\repository\com\google\protobuf\protobuf-java\4.26.1\protobuf-java-4.26.1.jar
[DEBUG]  C:\Users\ASUS\.m2\repository\jakarta\servlet\jakarta.servlet-api\6.1.0\jakarta.servlet-api-6.1.0.jar
[DEBUG]  C:\Users\ASUS\.m2\repository\org\mindrot\jbcrypt\0.4\jbcrypt-0.4.jar
[DEBUG]  C:\Users\ASUS\.m2\repository\javax\websocket\javax.websocket-api\1.1\javax.websocket-api-1.1.jar
[DEBUG]  C:\Users\ASUS\.m2\repository\jakarta\websocket\jakarta.websocket-api\2.2.0\jakarta.websocket-api-2.2.0.jar
[DEBUG]  C:\Users\ASUS\.m2\repository\jakarta\servlet\jsp\jstl\jakarta.servlet.jsp.jstl-api\3.0.2\jakarta.servlet.jsp.jstl-api-3.0.2.jar
[DEBUG]  C:\Users\ASUS\.m2\repository\jakarta\el\jakarta.el-api\5.0.0\jakarta.el-api-5.0.0.jar
[DEBUG]  C:\Users\ASUS\.m2\repository\org\glassfish\web\jakarta.servlet.jsp.jstl\3.0.1\jakarta.servlet.jsp.jstl-3.0.1.jar
[DEBUG]  C:\Users\ASUS\.m2\repository\com\sun\mail\jakarta.mail\2.0.1\jakarta.mail-2.0.1.jar
[DEBUG]  C:\Users\ASUS\.m2\repository\com\sun\activation\jakarta.activation\2.0.1\jakarta.activation-2.0.1.jar
[DEBUG]  C:\Users\ASUS\.m2\repository\ch\qos\logback\logback-classic\1.5.16\logback-classic-1.5.16.jar
[DEBUG]  C:\Users\ASUS\.m2\repository\ch\qos\logback\logback-core\1.5.16\logback-core-1.5.16.jar
[DEBUG]  C:\Users\ASUS\.m2\repository\com\itextpdf\html2pdf\6.1.0\html2pdf-6.1.0.jar
[DEBUG]  C:\Users\ASUS\.m2\repository\com\itextpdf\svg\9.1.0\svg-9.1.0.jar
[DEBUG]  C:\Users\ASUS\.m2\repository\com\itextpdf\styled-xml-parser\9.1.0\styled-xml-parser-9.1.0.jar
[DEBUG]  C:\Users\ASUS\.m2\repository\com\itextpdf\pdfa\9.1.0\pdfa-9.1.0.jar
[DEBUG]  C:\Users\ASUS\.m2\repository\com\itextpdf\kernel\9.1.0\kernel-9.1.0.jar
[DEBUG]  C:\Users\ASUS\.m2\repository\com\itextpdf\bouncy-castle-connector\9.1.0\bouncy-castle-connector-9.1.0.jar
[DEBUG]  C:\Users\ASUS\.m2\repository\com\itextpdf\io\9.1.0\io-9.1.0.jar
[DEBUG]  C:\Users\ASUS\.m2\repository\com\itextpdf\commons\9.1.0\commons-9.1.0.jar
[DEBUG]  C:\Users\ASUS\.m2\repository\com\itextpdf\forms\9.1.0\forms-9.1.0.jar
[DEBUG]  C:\Users\ASUS\.m2\repository\com\itextpdf\layout\9.1.0\layout-9.1.0.jar
[DEBUG]  C:\Users\ASUS\.m2\repository\org\slf4j\slf4j-api\2.0.16\slf4j-api-2.0.16.jar
[DEBUG] Source roots:
[DEBUG]  D:\Java\Dormitory_Management_Servlet\src\main\java
[DEBUG]  D:\Java\Dormitory_Management_Servlet\target\generated-sources\annotations
[DEBUG] Command line options:
[DEBUG] -d D:\Java\Dormitory_Management_Servlet\target\classes -classpath D:\Java\Dormitory_Management_Servlet\target\classes;C:\Users\ASUS\.m2\repository\org\hibernate\orm\hibernate-core\6.6.13.Final\hibernate-core-6.6.13.Final.jar;C:\Users\ASUS\.m2\repository\jakarta\transaction\jakarta.transaction-api\2.0.1\jakarta.transaction-api-2.0.1.jar;C:\Users\ASUS\.m2\repository\jakarta\persistence\jakarta.persistence-api\3.1.0\jakarta.persistence-api-3.1.0.jar;C:\Users\ASUS\.m2\repository\com\mysql\mysql-connector-j\9.1.0\mysql-connector-j-9.1.0.jar;C:\Users\ASUS\.m2\repository\com\google\protobuf\protobuf-java\4.26.1\protobuf-java-4.26.1.jar;C:\Users\ASUS\.m2\repository\jakarta\servlet\jakarta.servlet-api\6.1.0\jakarta.servlet-api-6.1.0.jar;C:\Users\ASUS\.m2\repository\org\mindrot\jbcrypt\0.4\jbcrypt-0.4.jar;C:\Users\ASUS\.m2\repository\javax\websocket\javax.websocket-api\1.1\javax.websocket-api-1.1.jar;C:\Users\ASUS\.m2\repository\jakarta\websocket\jakarta.websocket-api\2.2.0\jakarta.websocket-api-2.2.0.jar;C:\Users\ASUS\.m2\repository\jakarta\servlet\jsp\jstl\jakarta.servlet.jsp.jstl-api\3.0.2\jakarta.servlet.jsp.jstl-api-3.0.2.jar;C:\Users\ASUS\.m2\repository\jakarta\el\jakarta.el-api\5.0.0\jakarta.el-api-5.0.0.jar;C:\Users\ASUS\.m2\repository\org\glassfish\web\jakarta.servlet.jsp.jstl\3.0.1\jakarta.servlet.jsp.jstl-3.0.1.jar;C:\Users\ASUS\.m2\repository\com\sun\mail\jakarta.mail\2.0.1\jakarta.mail-2.0.1.jar;C:\Users\ASUS\.m2\repository\com\sun\activation\jakarta.activation\2.0.1\jakarta.activation-2.0.1.jar;C:\Users\ASUS\.m2\repository\ch\qos\logback\logback-classic\1.5.16\logback-classic-1.5.16.jar;C:\Users\ASUS\.m2\repository\ch\qos\logback\logback-core\1.5.16\logback-core-1.5.16.jar;C:\Users\ASUS\.m2\repository\com\itextpdf\html2pdf\6.1.0\html2pdf-6.1.0.jar;C:\Users\ASUS\.m2\repository\com\itextpdf\svg\9.1.0\svg-9.1.0.jar;C:\Users\ASUS\.m2\repository\com\itextpdf\styled-xml-parser\9.1.0\styled-xml-parser-9.1.0.jar;C:\Users\ASUS\.m2\repository\com\itextpdf\pdfa\9.1.0\pdfa-9.1.0.jar;C:\Users\ASUS\.m2\repository\com\itextpdf\kernel\9.1.0\kernel-9.1.0.jar;C:\Users\ASUS\.m2\repository\com\itextpdf\bouncy-castle-connector\9.1.0\bouncy-castle-connector-9.1.0.jar;C:\Users\ASUS\.m2\repository\com\itextpdf\io\9.1.0\io-9.1.0.jar;C:\Users\ASUS\.m2\repository\com\itextpdf\commons\9.1.0\commons-9.1.0.jar;C:\Users\ASUS\.m2\repository\com\itextpdf\forms\9.1.0\forms-9.1.0.jar;C:\Users\ASUS\.m2\repository\com\itextpdf\layout\9.1.0\layout-9.1.0.jar;C:\Users\ASUS\.m2\repository\org\slf4j\slf4j-api\2.0.16\slf4j-api-2.0.16.jar; -sourcepath D:\Java\Dormitory_Management_Servlet\src\main\java;D:\Java\Dormitory_Management_Servlet\target\generated-sources\annotations; -s D:\Java\Dormitory_Management_Servlet\target\generated-sources\annotations -g -nowarn --release 8 -encoding UTF-8
[DEBUG] incrementalBuildHelper#beforeRebuildExecution
[INFO] Compiling 27 source files to D:\Java\Dormitory_Management_Servlet\target\classes
[DEBUG] incrementalBuildHelper#afterRebuildExecution
[INFO] /D:/Java/Dormitory_Management_Servlet/src/main/java/servlet/DeleteStudentServlet.java: Some input files use or override a deprecated API.
[INFO] /D:/Java/Dormitory_Management_Servlet/src/main/java/servlet/DeleteStudentServlet.java: Recompile with -Xlint:deprecation for details.
[INFO] 
[INFO] --- resources:3.3.1:testResources (default-testResources) @ Dormitory_Management_Servlet ---
[DEBUG] Loading mojo org.apache.maven.plugins:maven-resources-plugin:3.3.1:testResources from plugin realm ClassRealm[plugin>org.apache.maven.plugins:maven-resources-plugin:3.3.1, parent: jdk.internal.loader.ClassLoaders$AppClassLoader@33909752]
[DEBUG] Configuring mojo execution 'org.apache.maven.plugins:maven-resources-plugin:3.3.1:testResources:default-testResources' with basic configurator -->
[DEBUG]   (f) addDefaultExcludes = true
[DEBUG]   (f) buildFilters = []
[DEBUG]   (f) encoding = UTF-8
[DEBUG]   (f) escapeWindowsPaths = true
[DEBUG]   (f) fileNameFiltering = false
[DEBUG]   (s) includeEmptyDirs = false
[DEBUG]   (s) outputDirectory = D:\Java\Dormitory_Management_Servlet\target\test-classes
[DEBUG]   (s) overwrite = false
[DEBUG]   (f) project = MavenProject: com.dormitory:Dormitory_Management_Servlet:1.0-SNAPSHOT @ D:\Java\Dormitory_Management_Servlet\pom.xml
[DEBUG]   (s) resources = [Resource {targetPath: null, filtering: false, FileSet {directory: D:\Java\Dormitory_Management_Servlet\src\test\resources, PatternSet [includes: {}, excludes: {}]}}]
[DEBUG]   (f) session = org.apache.maven.execution.MavenSession@7d2998d8
[DEBUG]   (f) skip = false
[DEBUG]   (f) supportMultiLineFiltering = false
[DEBUG]   (f) useBuildFilters = true
[DEBUG]   (s) useDefaultDelimiters = true
[DEBUG] -- end configuration --
[DEBUG] properties used:
[DEBUG] classworlds.conf: C:\Program Files\apache-maven-3.9.9\bin\m2.conf
[DEBUG] env.=D:: D:\Java\Dormitory_Management_Servlet
[DEBUG] env.ALLUSERSPROFILE: C:\ProgramData
[DEBUG] env.APPDATA: C:\Users\ASUS\AppData\Roaming
[DEBUG] env.ASL.LOG: Destination=file
[DEBUG] env.CLASSWORLDS_JAR: "C:\Program Files\apache-maven-3.9.9\boot\plexus-classworlds-2.8.0.jar"
[DEBUG] env.CLASSWORLDS_LAUNCHER: org.codehaus.plexus.classworlds.launcher.Launcher
[DEBUG] env.COMMONPROGRAMFILES: C:\Program Files\Common Files
[DEBUG] env.COMMONPROGRAMFILES(X86): C:\Program Files (x86)\Common Files
[DEBUG] env.COMMONPROGRAMW6432: C:\Program Files\Common Files
[DEBUG] env.COMPUTERNAME: DESKTOP-6DOG8SA
[DEBUG] env.COMSPEC: C:\WINDOWS\system32\cmd.exe
[DEBUG] env.DRIVERDATA: C:\Windows\System32\Drivers\DriverData
[DEBUG] env.ERROR_CODE: 0
[DEBUG] env.EXEC_DIR: D:\Java\Dormitory_Management_Servlet
[DEBUG] env.HOMEDRIVE: C:
[DEBUG] env.HOMEPATH: \Users\ASUS
[DEBUG] env.JAVACMD: C:\Program Files\Java\jdk-23\bin\java.exe
[DEBUG] env.JAVA_HOME: C:\Program Files\Java\jdk-23
[DEBUG] env.JVMCONFIG: \.mvn\jvm.config
[DEBUG] env.LOCALAPPDATA: C:\Users\ASUS\AppData\Local
[DEBUG] env.LOGONSERVER: \\DESKTOP-6DOG8SA
[DEBUG] env.M2_HOME: C:\Program Files\apache-maven-3.9.9
[DEBUG] env.MAVEN_CMD_LINE_ARGS: clean package -X
[DEBUG] env.MAVEN_HOME: C:\Program Files\apache-maven-3.9.9
[DEBUG] env.MAVEN_PROJECTBASEDIR: D:\Java\Dormitory_Management_Servlet
[DEBUG] env.MINGW: C:\MinGW\bin\
[DEBUG] env.NUMBER_OF_PROCESSORS: 8
[DEBUG] env.ONEDRIVE: C:\Users\ASUS\OneDrive
[DEBUG] env.ONEDRIVECONSUMER: C:\Users\ASUS\OneDrive
[DEBUG] env.OS: Windows_NT
[DEBUG] env.PATH: C:\ProgramData\Oracle\Java\javapath;C:\Program Files\Common Files\Oracle\Java\javapath;C:\WINDOWS\system32;C:\WINDOWS;C:\WINDOWS\System32\Wbem;C:\WINDOWS\System32\WindowsPowerShell\v1.0\;C:\WINDOWS\System32\OpenSSH\;C:\Program Files\dotnet\;C:\Program Files\Cloudflare\Cloudflare WARP\;C:\Program Files (x86)\Microsoft SQL Server\160\DTS\Binn\;C:\Program Files (x86)\Microsoft SQL Server\160\Tools\Binn\;C:\Program Files\Microsoft SQL Server\160\Tools\Binn\;C:\Program Files\Microsoft SQL Server\Client SDK\ODBC\170\Tools\Binn\;C:\Program Files\Microsoft SQL Server\160\DTS\Binn\;C:\Program Files\Git\cmd;C:\MinGW\bin;C:\Program Files\Java\jdk-23\bin;C:\Program Files\apache-maven-3.9.9\bin;C:\Program Files\nodejs\;C:\Users\ASUS\AppData\Local\Microsoft\WindowsApps;C:\Users\ASUS\AppData\Local\Programs\Microsoft VS Code\bin;C:\Users\ASUS\AppData\Roaming\npm
[DEBUG] env.PATHEXT: .COM;.EXE;.BAT;.CMD;.VBS;.VBE;.JS;.JSE;.WSF;.WSH;.MSC;.CPL
[DEBUG] env.PROCESSOR_ARCHITECTURE: AMD64
[DEBUG] env.PROCESSOR_IDENTIFIER: Intel64 Family 6 Model 140 Stepping 1, GenuineIntel
[DEBUG] env.PROCESSOR_LEVEL: 6
[DEBUG] env.PROCESSOR_REVISION: 8c01
[DEBUG] env.PROGRAMDATA: C:\ProgramData
[DEBUG] env.PROGRAMFILES: C:\Program Files
[DEBUG] env.PROGRAMFILES(X86): C:\Program Files (x86)
[DEBUG] env.PROGRAMW6432: C:\Program Files
[DEBUG] env.PROMPT: $P$G
[DEBUG] env.PSMODULEPATH: C:\Users\ASUS\OneDrive\Documents\WindowsPowerShell\Modules;C:\Program Files\WindowsPowerShell\Modules;C:\WINDOWS\system32\WindowsPowerShell\v1.0\Modules;C:\Program Files (x86)\Microsoft SQL Server\160\Tools\PowerShell\Modules\
[DEBUG] env.PUBLIC: C:\Users\Public
[DEBUG] env.SESSIONNAME: Console
[DEBUG] env.SYSTEMDRIVE: C:
[DEBUG] env.SYSTEMROOT: C:\WINDOWS
[DEBUG] env.TEMP: C:\Users\ASUS\AppData\Local\Temp
[DEBUG] env.TMP: C:\Users\ASUS\AppData\Local\Temp
[DEBUG] env.USERDOMAIN: DESKTOP-6DOG8SA
[DEBUG] env.USERDOMAIN_ROAMINGPROFILE: DESKTOP-6DOG8SA
[DEBUG] env.USERNAME: ASUS
[DEBUG] env.USERPROFILE: C:\Users\ASUS
[DEBUG] env.WDIR: D:\
[DEBUG] env.WINDIR: C:\WINDOWS
[DEBUG] env.WSLENV: WT_SESSION:WT_PROFILE_ID:
[DEBUG] env.WT_PROFILE_ID: {61c54bbd-c2c6-5271-96e7-009a87ff44bf}
[DEBUG] env.WT_SESSION: d2ad6c58-806c-4c9f-b293-0f749b90dfa2
[DEBUG] env.ZES_ENABLE_SYSMAN: 1
[DEBUG] file.encoding: UTF-8
[DEBUG] file.separator: \
[DEBUG] itext.version: 9.1.0
[DEBUG] java.class.path: C:\Program Files\apache-maven-3.9.9\boot\plexus-classworlds-2.8.0.jar
[DEBUG] java.class.version: 67.0
[DEBUG] java.home: C:\Program Files\Java\jdk-23
[DEBUG] java.io.tmpdir: C:\Users\ASUS\AppData\Local\Temp\
[DEBUG] java.library.path: C:\Program Files\Java\jdk-23\bin;C:\WINDOWS\Sun\Java\bin;C:\WINDOWS\system32;C:\WINDOWS;C:\ProgramData\Oracle\Java\javapath;C:\Program Files\Common Files\Oracle\Java\javapath;C:\WINDOWS\system32;C:\WINDOWS;C:\WINDOWS\System32\Wbem;C:\WINDOWS\System32\WindowsPowerShell\v1.0\;C:\WINDOWS\System32\OpenSSH\;C:\Program Files\dotnet\;C:\Program Files\Cloudflare\Cloudflare WARP\;C:\Program Files (x86)\Microsoft SQL Server\160\DTS\Binn\;C:\Program Files (x86)\Microsoft SQL Server\160\Tools\Binn\;C:\Program Files\Microsoft SQL Server\160\Tools\Binn\;C:\Program Files\Microsoft SQL Server\Client SDK\ODBC\170\Tools\Binn\;C:\Program Files\Microsoft SQL Server\160\DTS\Binn\;C:\Program Files\Git\cmd;C:\MinGW\bin;C:\Program Files\Java\jdk-23\bin;C:\Program Files\apache-maven-3.9.9\bin;C:\Program Files\nodejs\;C:\Users\ASUS\AppData\Local\Microsoft\WindowsApps;C:\Users\ASUS\AppData\Local\Programs\Microsoft VS Code\bin;C:\Users\ASUS\AppData\Roaming\npm;.
[DEBUG] java.runtime.name: Java(TM) SE Runtime Environment
[DEBUG] java.runtime.version: 23.0.1+11-39
[DEBUG] java.specification.name: Java Platform API Specification
[DEBUG] java.specification.vendor: Oracle Corporation
[DEBUG] java.specification.version: 23
[DEBUG] java.vendor: Oracle Corporation
[DEBUG] java.vendor.url: https://java.oracle.com/
[DEBUG] java.vendor.url.bug: https://bugreport.java.com/bugreport/
[DEBUG] java.version: 23.0.1
[DEBUG] java.version.date: 2024-10-15
[DEBUG] java.vm.compressedOopsMode: 32-bit
[DEBUG] java.vm.info: mixed mode, sharing
[DEBUG] java.vm.name: Java HotSpot(TM) 64-Bit Server VM
[DEBUG] java.vm.specification.name: Java Virtual Machine Specification
[DEBUG] java.vm.specification.vendor: Oracle Corporation
[DEBUG] java.vm.specification.version: 23
[DEBUG] java.vm.vendor: Oracle Corporation
[DEBUG] java.vm.version: 23.0.1+11-39
[DEBUG] jdk.debug: release
[DEBUG] library.jansi.path: C:\Program Files\apache-maven-3.9.9\lib\jansi-native
[DEBUG] line.separator: 

[DEBUG] maven.build.timestamp: 2025-05-06T16:26:33Z
[DEBUG] maven.build.version: Apache Maven 3.9.9 (8e8579a9e76f7d015ee5ec7bfcdc97d260186937)
[DEBUG] maven.compiler.source: 23
[DEBUG] maven.compiler.target: 23
[DEBUG] maven.conf: C:\Program Files\apache-maven-3.9.9/conf
[DEBUG] maven.home: C:\Program Files\apache-maven-3.9.9
[DEBUG] maven.multiModuleProjectDirectory: D:\Java\Dormitory_Management_Servlet
[DEBUG] maven.version: 3.9.9
[DEBUG] native.encoding: Cp1252
[DEBUG] os.arch: amd64
[DEBUG] os.name: Windows 11
[DEBUG] os.version: 10.0
[DEBUG] path.separator: ;
[DEBUG] project.baseUri: file:/D:/Java/Dormitory_Management_Servlet/
[DEBUG] project.build.sourceEncoding: UTF-8
[DEBUG] stderr.encoding: cp437
[DEBUG] stdout.encoding: Cp1252
[DEBUG] sun.arch.data.model: 64
[DEBUG] sun.boot.library.path: C:\Program Files\Java\jdk-23\bin
[DEBUG] sun.cpu.endian: little
[DEBUG] sun.cpu.isalist: amd64
[DEBUG] sun.io.unicode.encoding: UnicodeLittle
[DEBUG] sun.java.command: org.codehaus.plexus.classworlds.launcher.Launcher clean package -X
[DEBUG] sun.java.launcher: SUN_STANDARD
[DEBUG] sun.jnu.encoding: Cp1252
[DEBUG] sun.management.compiler: HotSpot 64-Bit Tiered Compilers
[DEBUG] sun.os.patch.level: 
[DEBUG] user.country: US
[DEBUG] user.dir: D:\Java\Dormitory_Management_Servlet
[DEBUG] user.home: C:\Users\ASUS
[DEBUG] user.language: en
[DEBUG] user.name: ASUS
[DEBUG] user.script: 
[DEBUG] user.variant: 
[DEBUG] Using 'UTF-8' encoding to copy filtered resources.
[DEBUG] Using 'UTF-8' encoding to copy filtered properties files.
[DEBUG] resource with targetPath null
directory D:\Java\Dormitory_Management_Servlet\src\test\resources
excludes []
includes []
[INFO] skip non existing resourceDirectory D:\Java\Dormitory_Management_Servlet\src\test\resources
[DEBUG] no user filter components
[INFO] 
[INFO] --- compiler:3.8.1:testCompile (default-testCompile) @ Dormitory_Management_Servlet ---
[DEBUG] Loading mojo org.apache.maven.plugins:maven-compiler-plugin:3.8.1:testCompile from plugin realm ClassRealm[plugin>org.apache.maven.plugins:maven-compiler-plugin:3.8.1, parent: jdk.internal.loader.ClassLoaders$AppClassLoader@33909752]
[DEBUG] Configuring mojo execution 'org.apache.maven.plugins:maven-compiler-plugin:3.8.1:testCompile:default-testCompile' with basic configurator -->
[DEBUG]   (f) basedir = D:\Java\Dormitory_Management_Servlet
[DEBUG]   (f) buildDirectory = D:\Java\Dormitory_Management_Servlet\target
[DEBUG]   (f) compilePath = [D:\Java\Dormitory_Management_Servlet\target\classes, C:\Users\ASUS\.m2\repository\org\hibernate\orm\hibernate-core\6.6.13.Final\hibernate-core-6.6.13.Final.jar, C:\Users\ASUS\.m2\repository\jakarta\transaction\jakarta.transaction-api\2.0.1\jakarta.transaction-api-2.0.1.jar, C:\Users\ASUS\.m2\repository\jakarta\persistence\jakarta.persistence-api\3.1.0\jakarta.persistence-api-3.1.0.jar, C:\Users\ASUS\.m2\repository\com\mysql\mysql-connector-j\9.1.0\mysql-connector-j-9.1.0.jar, C:\Users\ASUS\.m2\repository\com\google\protobuf\protobuf-java\4.26.1\protobuf-java-4.26.1.jar, C:\Users\ASUS\.m2\repository\jakarta\servlet\jakarta.servlet-api\6.1.0\jakarta.servlet-api-6.1.0.jar, C:\Users\ASUS\.m2\repository\org\mindrot\jbcrypt\0.4\jbcrypt-0.4.jar, C:\Users\ASUS\.m2\repository\javax\websocket\javax.websocket-api\1.1\javax.websocket-api-1.1.jar, C:\Users\ASUS\.m2\repository\jakarta\websocket\jakarta.websocket-api\2.2.0\jakarta.websocket-api-2.2.0.jar, C:\Users\ASUS\.m2\repository\jakarta\servlet\jsp\jstl\jakarta.servlet.jsp.jstl-api\3.0.2\jakarta.servlet.jsp.jstl-api-3.0.2.jar, C:\Users\ASUS\.m2\repository\jakarta\el\jakarta.el-api\5.0.0\jakarta.el-api-5.0.0.jar, C:\Users\ASUS\.m2\repository\org\glassfish\web\jakarta.servlet.jsp.jstl\3.0.1\jakarta.servlet.jsp.jstl-3.0.1.jar, C:\Users\ASUS\.m2\repository\com\sun\mail\jakarta.mail\2.0.1\jakarta.mail-2.0.1.jar, C:\Users\ASUS\.m2\repository\com\sun\activation\jakarta.activation\2.0.1\jakarta.activation-2.0.1.jar, C:\Users\ASUS\.m2\repository\ch\qos\logback\logback-classic\1.5.16\logback-classic-1.5.16.jar, C:\Users\ASUS\.m2\repository\ch\qos\logback\logback-core\1.5.16\logback-core-1.5.16.jar, C:\Users\ASUS\.m2\repository\com\itextpdf\html2pdf\6.1.0\html2pdf-6.1.0.jar, C:\Users\ASUS\.m2\repository\com\itextpdf\svg\9.1.0\svg-9.1.0.jar, C:\Users\ASUS\.m2\repository\com\itextpdf\styled-xml-parser\9.1.0\styled-xml-parser-9.1.0.jar, C:\Users\ASUS\.m2\repository\com\itextpdf\pdfa\9.1.0\pdfa-9.1.0.jar, C:\Users\ASUS\.m2\repository\com\itextpdf\kernel\9.1.0\kernel-9.1.0.jar, C:\Users\ASUS\.m2\repository\com\itextpdf\bouncy-castle-connector\9.1.0\bouncy-castle-connector-9.1.0.jar, C:\Users\ASUS\.m2\repository\com\itextpdf\io\9.1.0\io-9.1.0.jar, C:\Users\ASUS\.m2\repository\com\itextpdf\commons\9.1.0\commons-9.1.0.jar, C:\Users\ASUS\.m2\repository\com\itextpdf\forms\9.1.0\forms-9.1.0.jar, C:\Users\ASUS\.m2\repository\com\itextpdf\layout\9.1.0\layout-9.1.0.jar, C:\Users\ASUS\.m2\repository\org\slf4j\slf4j-api\2.0.16\slf4j-api-2.0.16.jar]
[DEBUG]   (f) compileSourceRoots = [D:\Java\Dormitory_Management_Servlet\src\test\java]
[DEBUG]   (f) compilerId = javac
[DEBUG]   (f) debug = true
[DEBUG]   (f) encoding = UTF-8
[DEBUG]   (f) failOnError = true
[DEBUG]   (f) failOnWarning = false
[DEBUG]   (f) forceJavacCompilerUse = false
[DEBUG]   (f) fork = false
[DEBUG]   (f) generatedTestSourcesDirectory = D:\Java\Dormitory_Management_Servlet\target\generated-test-sources\test-annotations
[DEBUG]   (f) mojoExecution = org.apache.maven.plugins:maven-compiler-plugin:3.8.1:testCompile {execution: default-testCompile}
[DEBUG]   (f) optimize = false
[DEBUG]   (f) outputDirectory = D:\Java\Dormitory_Management_Servlet\target\test-classes
[DEBUG]   (f) parameters = false
[DEBUG]   (f) project = MavenProject: com.dormitory:Dormitory_Management_Servlet:1.0-SNAPSHOT @ D:\Java\Dormitory_Management_Servlet\pom.xml
[DEBUG]   (s) release = 8
[DEBUG]   (f) session = org.apache.maven.execution.MavenSession@7d2998d8
[DEBUG]   (f) showDeprecation = false
[DEBUG]   (f) showWarnings = false
[DEBUG]   (f) skipMultiThreadWarning = false
[DEBUG]   (f) source = 23
[DEBUG]   (f) staleMillis = 0
[DEBUG]   (s) target = 23
[DEBUG]   (f) testPath = [D:\Java\Dormitory_Management_Servlet\target\test-classes, D:\Java\Dormitory_Management_Servlet\target\classes, C:\Users\ASUS\.m2\repository\org\hibernate\orm\hibernate-core\6.6.13.Final\hibernate-core-6.6.13.Final.jar, C:\Users\ASUS\.m2\repository\jakarta\transaction\jakarta.transaction-api\2.0.1\jakarta.transaction-api-2.0.1.jar, C:\Users\ASUS\.m2\repository\org\jboss\logging\jboss-logging\3.5.0.Final\jboss-logging-3.5.0.Final.jar, C:\Users\ASUS\.m2\repository\org\hibernate\common\hibernate-commons-annotations\7.0.3.Final\hibernate-commons-annotations-7.0.3.Final.jar, C:\Users\ASUS\.m2\repository\io\smallrye\jandex\3.2.0\jandex-3.2.0.jar, C:\Users\ASUS\.m2\repository\com\fasterxml\classmate\1.5.1\classmate-1.5.1.jar, C:\Users\ASUS\.m2\repository\net\bytebuddy\byte-buddy\1.15.11\byte-buddy-1.15.11.jar, C:\Users\ASUS\.m2\repository\jakarta\xml\bind\jakarta.xml.bind-api\4.0.0\jakarta.xml.bind-api-4.0.0.jar, C:\Users\ASUS\.m2\repository\jakarta\activation\jakarta.activation-api\2.1.0\jakarta.activation-api-2.1.0.jar, C:\Users\ASUS\.m2\repository\org\glassfish\jaxb\jaxb-runtime\4.0.2\jaxb-runtime-4.0.2.jar, C:\Users\ASUS\.m2\repository\org\glassfish\jaxb\jaxb-core\4.0.2\jaxb-core-4.0.2.jar, C:\Users\ASUS\.m2\repository\org\eclipse\angus\angus-activation\2.0.0\angus-activation-2.0.0.jar, C:\Users\ASUS\.m2\repository\org\glassfish\jaxb\txw2\4.0.2\txw2-4.0.2.jar, C:\Users\ASUS\.m2\repository\com\sun\istack\istack-commons-runtime\4.1.1\istack-commons-runtime-4.1.1.jar, C:\Users\ASUS\.m2\repository\jakarta\inject\jakarta.inject-api\2.0.1\jakarta.inject-api-2.0.1.jar, C:\Users\ASUS\.m2\repository\org\antlr\antlr4-runtime\4.13.0\antlr4-runtime-4.13.0.jar, C:\Users\ASUS\.m2\repository\jakarta\persistence\jakarta.persistence-api\3.1.0\jakarta.persistence-api-3.1.0.jar, C:\Users\ASUS\.m2\repository\com\mysql\mysql-connector-j\9.1.0\mysql-connector-j-9.1.0.jar, C:\Users\ASUS\.m2\repository\com\google\protobuf\protobuf-java\4.26.1\protobuf-java-4.26.1.jar, C:\Users\ASUS\.m2\repository\jakarta\servlet\jakarta.servlet-api\6.1.0\jakarta.servlet-api-6.1.0.jar, C:\Users\ASUS\.m2\repository\org\mindrot\jbcrypt\0.4\jbcrypt-0.4.jar, C:\Users\ASUS\.m2\repository\javax\websocket\javax.websocket-api\1.1\javax.websocket-api-1.1.jar, C:\Users\ASUS\.m2\repository\jakarta\websocket\jakarta.websocket-api\2.2.0\jakarta.websocket-api-2.2.0.jar, C:\Users\ASUS\.m2\repository\jakarta\servlet\jsp\jstl\jakarta.servlet.jsp.jstl-api\3.0.2\jakarta.servlet.jsp.jstl-api-3.0.2.jar, C:\Users\ASUS\.m2\repository\jakarta\el\jakarta.el-api\5.0.0\jakarta.el-api-5.0.0.jar, C:\Users\ASUS\.m2\repository\org\glassfish\web\jakarta.servlet.jsp.jstl\3.0.1\jakarta.servlet.jsp.jstl-3.0.1.jar, C:\Users\ASUS\.m2\repository\com\sun\mail\jakarta.mail\2.0.1\jakarta.mail-2.0.1.jar, C:\Users\ASUS\.m2\repository\com\sun\activation\jakarta.activation\2.0.1\jakarta.activation-2.0.1.jar, C:\Users\ASUS\.m2\repository\ch\qos\logback\logback-classic\1.5.16\logback-classic-1.5.16.jar, C:\Users\ASUS\.m2\repository\ch\qos\logback\logback-core\1.5.16\logback-core-1.5.16.jar, C:\Users\ASUS\.m2\repository\com\itextpdf\html2pdf\6.1.0\html2pdf-6.1.0.jar, C:\Users\ASUS\.m2\repository\com\itextpdf\svg\9.1.0\svg-9.1.0.jar, C:\Users\ASUS\.m2\repository\com\itextpdf\styled-xml-parser\9.1.0\styled-xml-parser-9.1.0.jar, C:\Users\ASUS\.m2\repository\com\itextpdf\pdfa\9.1.0\pdfa-9.1.0.jar, C:\Users\ASUS\.m2\repository\com\itextpdf\kernel\9.1.0\kernel-9.1.0.jar, C:\Users\ASUS\.m2\repository\com\itextpdf\bouncy-castle-connector\9.1.0\bouncy-castle-connector-9.1.0.jar, C:\Users\ASUS\.m2\repository\com\itextpdf\io\9.1.0\io-9.1.0.jar, C:\Users\ASUS\.m2\repository\com\itextpdf\commons\9.1.0\commons-9.1.0.jar, C:\Users\ASUS\.m2\repository\com\itextpdf\forms\9.1.0\forms-9.1.0.jar, C:\Users\ASUS\.m2\repository\com\itextpdf\layout\9.1.0\layout-9.1.0.jar, C:\Users\ASUS\.m2\repository\org\slf4j\slf4j-api\2.0.16\slf4j-api-2.0.16.jar]
[DEBUG]   (f) useIncrementalCompilation = true
[DEBUG]   (f) verbose = false
[DEBUG] -- end configuration --
[DEBUG] Using compiler 'javac'.
[INFO] No sources to compile
[INFO] 
[INFO] --- surefire:3.2.5:test (default-test) @ Dormitory_Management_Servlet ---
[DEBUG] Using mirror maven-default-http-blocker (http://0.0.0.0/) for jboss-public-repository-group (http://repository.jboss.org/nexus/content/groups/public).
[DEBUG] Dependency collection stats {ConflictMarker.analyzeTime=390300, ConflictMarker.markTime=77300, ConflictMarker.nodeCount=78, ConflictIdSorter.graphTime=110600, ConflictIdSorter.topsortTime=44500, ConflictIdSorter.conflictIdCount=39, ConflictIdSorter.conflictIdCycleCount=0, ConflictResolver.totalTime=30580700, ConflictResolver.conflictItemCount=76, DfDependencyCollector.collectTime=252793200, DfDependencyCollector.transformTime=31299000}
[DEBUG] org.apache.maven.plugins:maven-surefire-plugin:jar:3.2.5
[DEBUG]    org.apache.maven.surefire:maven-surefire-common:jar:3.2.5:compile
[DEBUG]       org.apache.maven.surefire:surefire-api:jar:3.2.5:compile
[DEBUG]          org.apache.maven.surefire:surefire-logger-api:jar:3.2.5:compile
[DEBUG]       org.apache.maven.surefire:surefire-extensions-api:jar:3.2.5:compile
[DEBUG]       org.apache.maven.surefire:surefire-booter:jar:3.2.5:compile
[DEBUG]          org.apache.maven.surefire:surefire-extensions-spi:jar:3.2.5:compile
[DEBUG]       org.eclipse.aether:aether-util:jar:1.0.0.v20140518:compile
[DEBUG]          org.eclipse.aether:aether-api:jar:1.0.0.v20140518:compile
[DEBUG]       org.apache.maven.shared:maven-common-artifact-filters:jar:3.1.1:compile (version managed from default) (exclusions managed from default)
[DEBUG]          org.apache.maven:maven-artifact:jar:3.2.5:provided (scope managed from default) (version managed from default)
[DEBUG]             org.codehaus.plexus:plexus-utils:jar:4.0.0:provided (version managed from default)
[DEBUG]          org.apache.maven:maven-core:jar:3.2.5:provided (scope managed from default) (version managed from default)
[DEBUG]             org.apache.maven:maven-settings:jar:3.2.5:provided (version managed from default)
[DEBUG]             org.apache.maven:maven-settings-builder:jar:3.2.5:provided
[DEBUG]             org.apache.maven:maven-repository-metadata:jar:3.2.5:provided
[DEBUG]             org.apache.maven:maven-model-builder:jar:3.2.5:provided
[DEBUG]             org.apache.maven:maven-aether-provider:jar:3.2.5:provided
[DEBUG]                org.eclipse.aether:aether-spi:jar:1.0.0.v20140518:provided
[DEBUG]             org.eclipse.aether:aether-impl:jar:1.0.0.v20140518:provided
[DEBUG]             org.eclipse.sisu:org.eclipse.sisu.plexus:jar:0.9.0.M2:provided (version managed from default)
[DEBUG]                javax.annotation:javax.annotation-api:jar:1.2:provided
[DEBUG]                javax.enterprise:cdi-api:jar:1.2:provided
[DEBUG]                org.eclipse.sisu:org.eclipse.sisu.inject:jar:0.9.0.M2:provided (version managed from default)
[DEBUG]             org.sonatype.sisu:sisu-guice:jar:no_aop:3.2.3:provided
[DEBUG]                javax.inject:javax.inject:jar:1:provided
[DEBUG]                aopalliance:aopalliance:jar:1.0:provided
[DEBUG]                com.google.guava:guava:jar:16.0.1:provided
[DEBUG]             org.codehaus.plexus:plexus-interpolation:jar:1.21:provided
[DEBUG]             org.codehaus.plexus:plexus-classworlds:jar:2.5.2:provided
[DEBUG]             org.codehaus.plexus:plexus-component-annotations:jar:1.5.5:provided
[DEBUG]             org.sonatype.plexus:plexus-sec-dispatcher:jar:1.3:provided
[DEBUG]                org.sonatype.plexus:plexus-cipher:jar:1.4:provided
[DEBUG]          org.apache.maven:maven-plugin-api:jar:3.2.5:provided (scope managed from default) (version managed from default)
[DEBUG]          commons-io:commons-io:jar:2.15.1:compile (version managed from default)
[DEBUG]       org.codehaus.plexus:plexus-java:jar:1.2.0:compile (version managed from default)
[DEBUG]          org.ow2.asm:asm:jar:9.6:compile
[DEBUG]          com.thoughtworks.qdox:qdox:jar:2.0.3:compile
[DEBUG]       org.apache.maven.surefire:surefire-shared-utils:jar:3.2.5:compile
[DEBUG] Created new class realm plugin>org.apache.maven.plugins:maven-surefire-plugin:3.2.5
[DEBUG] Importing foreign packages into class realm plugin>org.apache.maven.plugins:maven-surefire-plugin:3.2.5
[DEBUG]   Imported:  < maven.api
[DEBUG] Populating class realm plugin>org.apache.maven.plugins:maven-surefire-plugin:3.2.5
[DEBUG]   Included: org.apache.maven.plugins:maven-surefire-plugin:jar:3.2.5
[DEBUG]   Included: org.apache.maven.surefire:maven-surefire-common:jar:3.2.5
[DEBUG]   Included: org.apache.maven.surefire:surefire-api:jar:3.2.5
[DEBUG]   Included: org.apache.maven.surefire:surefire-logger-api:jar:3.2.5
[DEBUG]   Included: org.apache.maven.surefire:surefire-extensions-api:jar:3.2.5
[DEBUG]   Included: org.apache.maven.surefire:surefire-booter:jar:3.2.5
[DEBUG]   Included: org.apache.maven.surefire:surefire-extensions-spi:jar:3.2.5
[DEBUG]   Included: org.apache.maven.shared:maven-common-artifact-filters:jar:3.1.1
[DEBUG]   Included: commons-io:commons-io:jar:2.15.1
[DEBUG]   Included: org.codehaus.plexus:plexus-java:jar:1.2.0
[DEBUG]   Included: org.ow2.asm:asm:jar:9.6
[DEBUG]   Included: com.thoughtworks.qdox:qdox:jar:2.0.3
[DEBUG]   Included: org.apache.maven.surefire:surefire-shared-utils:jar:3.2.5
[DEBUG] Loading mojo org.apache.maven.plugins:maven-surefire-plugin:3.2.5:test from plugin realm ClassRealm[plugin>org.apache.maven.plugins:maven-surefire-plugin:3.2.5, parent: jdk.internal.loader.ClassLoaders$AppClassLoader@33909752]
[DEBUG] Configuring mojo execution 'org.apache.maven.plugins:maven-surefire-plugin:3.2.5:test:default-test' with basic configurator -->
[DEBUG]   (f) additionalClasspathDependencies = []
[DEBUG]   (s) additionalClasspathElements = []
[DEBUG]   (s) basedir = D:\Java\Dormitory_Management_Servlet
[DEBUG]   (s) childDelegation = false
[DEBUG]   (f) classesDirectory = D:\Java\Dormitory_Management_Servlet\target\classes
[DEBUG]   (s) classpathDependencyExcludes = []
[DEBUG]   (s) dependenciesToScan = []
[DEBUG]   (s) disableXmlReport = false
[DEBUG]   (s) enableAssertions = true
[DEBUG]   (s) excludeJUnit5Engines = []
[DEBUG]   (f) excludedEnvironmentVariables = []
[DEBUG]   (s) excludes = []
[DEBUG]   (s) failIfNoSpecifiedTests = true
[DEBUG]   (s) failIfNoTests = false
[DEBUG]   (s) failOnFlakeCount = 0
[DEBUG]   (f) forkCount = 1
[DEBUG]   (s) forkedProcessExitTimeoutInSeconds = 30
[DEBUG]   (s) includeJUnit5Engines = []
[DEBUG]   (s) includes = []
[DEBUG]   (s) junitArtifactName = junit:junit
[DEBUG]   (f) parallelMavenExecution = false
[DEBUG]   (s) parallelOptimized = true
[DEBUG]   (s) perCoreThreadCount = true
[DEBUG]   (s) pluginArtifactMap = {org.apache.maven.plugins:maven-surefire-plugin=org.apache.maven.plugins:maven-surefire-plugin:maven-plugin:3.2.5:, org.apache.maven.surefire:maven-surefire-common=org.apache.maven.surefire:maven-surefire-common:jar:3.2.5:compile, org.apache.maven.surefire:surefire-api=org.apache.maven.surefire:surefire-api:jar:3.2.5:compile, org.apache.maven.surefire:surefire-logger-api=org.apache.maven.surefire:surefire-logger-api:jar:3.2.5:compile, org.apache.maven.surefire:surefire-extensions-api=org.apache.maven.surefire:surefire-extensions-api:jar:3.2.5:compile, org.apache.maven.surefire:surefire-booter=org.apache.maven.surefire:surefire-booter:jar:3.2.5:compile, org.apache.maven.surefire:surefire-extensions-spi=org.apache.maven.surefire:surefire-extensions-spi:jar:3.2.5:compile, org.eclipse.aether:aether-util=org.eclipse.aether:aether-util:jar:1.0.0.v20140518:compile, org.eclipse.aether:aether-api=org.eclipse.aether:aether-api:jar:1.0.0.v20140518:compile, org.apache.maven.shared:maven-common-artifact-filters=org.apache.maven.shared:maven-common-artifact-filters:jar:3.1.1:compile, commons-io:commons-io=commons-io:commons-io:jar:2.15.1:compile, org.codehaus.plexus:plexus-java=org.codehaus.plexus:plexus-java:jar:1.2.0:compile, org.ow2.asm:asm=org.ow2.asm:asm:jar:9.6:compile, com.thoughtworks.qdox:qdox=com.thoughtworks.qdox:qdox:jar:2.0.3:compile, org.apache.maven.surefire:surefire-shared-utils=org.apache.maven.surefire:surefire-shared-utils:jar:3.2.5:compile}
[DEBUG]   (f) pluginDescriptor = Component Descriptor: role: 'org.apache.maven.plugin.Mojo', implementation: 'org.apache.maven.plugins.maven_surefire_plugin.HelpMojo', role hint: 'org.apache.maven.plugins:maven-surefire-plugin:3.2.5:help'
role: 'org.apache.maven.plugin.Mojo', implementation: 'org.apache.maven.plugin.surefire.SurefirePlugin', role hint: 'org.apache.maven.plugins:maven-surefire-plugin:3.2.5:test'
---
[DEBUG]   (s) printSummary = true
[DEBUG]   (s) project = MavenProject: com.dormitory:Dormitory_Management_Servlet:1.0-SNAPSHOT @ D:\Java\Dormitory_Management_Servlet\pom.xml
[DEBUG]   (s) projectArtifactMap = {org.hibernate.orm:hibernate-core=org.hibernate.orm:hibernate-core:jar:6.6.13.Final:compile, jakarta.transaction:jakarta.transaction-api=jakarta.transaction:jakarta.transaction-api:jar:2.0.1:compile, org.jboss.logging:jboss-logging=org.jboss.logging:jboss-logging:jar:3.5.0.Final:runtime, org.hibernate.common:hibernate-commons-annotations=org.hibernate.common:hibernate-commons-annotations:jar:7.0.3.Final:runtime, io.smallrye:jandex=io.smallrye:jandex:jar:3.2.0:runtime, com.fasterxml:classmate=com.fasterxml:classmate:jar:1.5.1:runtime, net.bytebuddy:byte-buddy=net.bytebuddy:byte-buddy:jar:1.15.11:runtime, jakarta.xml.bind:jakarta.xml.bind-api=jakarta.xml.bind:jakarta.xml.bind-api:jar:4.0.0:runtime, jakarta.activation:jakarta.activation-api=jakarta.activation:jakarta.activation-api:jar:2.1.0:runtime, org.glassfish.jaxb:jaxb-runtime=org.glassfish.jaxb:jaxb-runtime:jar:4.0.2:runtime, org.glassfish.jaxb:jaxb-core=org.glassfish.jaxb:jaxb-core:jar:4.0.2:runtime, org.eclipse.angus:angus-activation=org.eclipse.angus:angus-activation:jar:2.0.0:runtime, org.glassfish.jaxb:txw2=org.glassfish.jaxb:txw2:jar:4.0.2:runtime, com.sun.istack:istack-commons-runtime=com.sun.istack:istack-commons-runtime:jar:4.1.1:runtime, jakarta.inject:jakarta.inject-api=jakarta.inject:jakarta.inject-api:jar:2.0.1:runtime, org.antlr:antlr4-runtime=org.antlr:antlr4-runtime:jar:4.13.0:runtime, jakarta.persistence:jakarta.persistence-api=jakarta.persistence:jakarta.persistence-api:jar:3.1.0:compile, com.mysql:mysql-connector-j=com.mysql:mysql-connector-j:jar:9.1.0:compile, com.google.protobuf:protobuf-java=com.google.protobuf:protobuf-java:jar:4.26.1:compile, jakarta.servlet:jakarta.servlet-api=jakarta.servlet:jakarta.servlet-api:jar:6.1.0:provided, org.mindrot:jbcrypt=org.mindrot:jbcrypt:jar:0.4:compile, javax.websocket:javax.websocket-api=javax.websocket:javax.websocket-api:jar:1.1:provided, jakarta.websocket:jakarta.websocket-api=jakarta.websocket:jakarta.websocket-api:jar:2.2.0:compile, jakarta.servlet.jsp.jstl:jakarta.servlet.jsp.jstl-api=jakarta.servlet.jsp.jstl:jakarta.servlet.jsp.jstl-api:jar:3.0.2:compile, jakarta.el:jakarta.el-api=jakarta.el:jakarta.el-api:jar:5.0.0:compile, org.glassfish.web:jakarta.servlet.jsp.jstl=org.glassfish.web:jakarta.servlet.jsp.jstl:jar:3.0.1:compile, com.sun.mail:jakarta.mail=com.sun.mail:jakarta.mail:jar:2.0.1:compile, com.sun.activation:jakarta.activation=com.sun.activation:jakarta.activation:jar:2.0.1:compile, ch.qos.logback:logback-classic=ch.qos.logback:logback-classic:jar:1.5.16:compile, ch.qos.logback:logback-core=ch.qos.logback:logback-core:jar:1.5.16:compile, com.itextpdf:html2pdf=com.itextpdf:html2pdf:jar:6.1.0:compile, com.itextpdf:svg=com.itextpdf:svg:jar:9.1.0:compile, com.itextpdf:styled-xml-parser=com.itextpdf:styled-xml-parser:jar:9.1.0:compile, com.itextpdf:pdfa=com.itextpdf:pdfa:jar:9.1.0:compile, com.itextpdf:kernel=com.itextpdf:kernel:jar:9.1.0:compile, com.itextpdf:bouncy-castle-connector=com.itextpdf:bouncy-castle-connector:jar:9.1.0:compile, com.itextpdf:io=com.itextpdf:io:jar:9.1.0:compile, com.itextpdf:commons=com.itextpdf:commons:jar:9.1.0:compile, com.itextpdf:forms=com.itextpdf:forms:jar:9.1.0:compile, com.itextpdf:layout=com.itextpdf:layout:jar:9.1.0:compile, org.slf4j:slf4j-api=org.slf4j:slf4j-api:jar:2.0.16:compile}
[DEBUG]   (s) projectBuildDirectory = D:\Java\Dormitory_Management_Servlet\target
[DEBUG]   (s) redirectTestOutputToFile = false
[DEBUG]   (s) reportFormat = brief
[DEBUG]   (s) reportsDirectory = D:\Java\Dormitory_Management_Servlet\target\surefire-reports
[DEBUG]   (f) rerunFailingTestsCount = 0
[DEBUG]   (f) reuseForks = true
[DEBUG]   (s) runOrder = filesystem
[DEBUG]   (s) session = org.apache.maven.execution.MavenSession@7d2998d8
[DEBUG]   (f) shutdown = exit
[DEBUG]   (s) skip = false
[DEBUG]   (f) skipAfterFailureCount = 0
[DEBUG]   (s) skipTests = false
[DEBUG]   (s) suiteXmlFiles = []
[DEBUG]   (s) tempDir = surefire
[DEBUG]   (s) testClassesDirectory = D:\Java\Dormitory_Management_Servlet\target\test-classes
[DEBUG]   (s) testFailureIgnore = false
[DEBUG]   (s) testNGArtifactName = org.testng:testng
[DEBUG]   (s) testSourceDirectory = D:\Java\Dormitory_Management_Servlet\src\test\java
[DEBUG]   (s) threadCountClasses = 0
[DEBUG]   (s) threadCountMethods = 0
[DEBUG]   (s) threadCountSuites = 0
[DEBUG]   (s) trimStackTrace = false
[DEBUG]   (s) useFile = true
[DEBUG]   (s) useManifestOnlyJar = true
[DEBUG]   (f) useModulePath = true
[DEBUG]   (s) useSystemClassLoader = true
[DEBUG]   (s) useUnlimitedThreads = false
[DEBUG]   (s) workingDirectory = D:\Java\Dormitory_Management_Servlet
[DEBUG] -- end configuration --
[DEBUG] Using JVM: C:\Program Files\Java\jdk-23\bin\java with Java version 23.0
[INFO] No tests to run.
[DEBUG] Resolved included and excluded patterns: **/Test*.java, **/*Test.java, **/*Tests.java, **/*TestCase.java, !**/*$*
[INFO] 
[INFO] --- war:3.4.0:war (default-war) @ Dormitory_Management_Servlet ---
[DEBUG] Dependency collection stats {ConflictMarker.analyzeTime=195500, ConflictMarker.markTime=59600, ConflictMarker.nodeCount=99, ConflictIdSorter.graphTime=93200, ConflictIdSorter.topsortTime=30500, ConflictIdSorter.conflictIdCount=37, ConflictIdSorter.conflictIdCycleCount=0, ConflictResolver.totalTime=1915000, ConflictResolver.conflictItemCount=87, DfDependencyCollector.collectTime=154850600, DfDependencyCollector.transformTime=2333700}
[DEBUG] org.apache.maven.plugins:maven-war-plugin:jar:3.4.0
[DEBUG]    org.apache.maven:maven-archiver:jar:3.6.0:compile
[DEBUG]       org.codehaus.plexus:plexus-io:jar:3.4.0:compile
[DEBUG]    org.apache.maven.shared:maven-shared-utils:jar:3.4.2:compile
[DEBUG]       org.slf4j:slf4j-api:jar:1.7.36:compile
[DEBUG]    commons-io:commons-io:jar:2.13.0:compile
[DEBUG]    org.codehaus.plexus:plexus-archiver:jar:4.7.1:compile
[DEBUG]       javax.inject:javax.inject:jar:1:compile
[DEBUG]       org.apache.commons:commons-compress:jar:1.23.0:compile
[DEBUG]       org.iq80.snappy:snappy:jar:0.4:compile
[DEBUG]       org.tukaani:xz:jar:1.9:runtime
[DEBUG]       com.github.luben:zstd-jni:jar:1.5.5-2:runtime
[DEBUG]    org.codehaus.plexus:plexus-interpolation:jar:1.26:compile
[DEBUG]    org.codehaus.plexus:plexus-utils:jar:3.5.1:compile
[DEBUG]    org.apache.maven.shared:maven-filtering:jar:3.3.1:compile
[DEBUG]       org.sonatype.plexus:plexus-build-api:jar:0.0.7:compile
[DEBUG]    org.apache.maven.shared:maven-mapping:jar:3.0.0:compile
[DEBUG]       org.apache.maven:maven-core:jar:3.0:compile
[DEBUG]          org.apache.maven:maven-model:jar:3.0:compile
[DEBUG]          org.apache.maven:maven-settings:jar:3.2.5:provided (scope managed from default) (version managed from default)
[DEBUG]          org.apache.maven:maven-settings-builder:jar:3.0:compile
[DEBUG]          org.apache.maven:maven-repository-metadata:jar:3.0:compile
[DEBUG]          org.apache.maven:maven-artifact:jar:3.0:compile
[DEBUG]          org.apache.maven:maven-plugin-api:jar:3.0:compile
[DEBUG]          org.apache.maven:maven-model-builder:jar:3.0:compile
[DEBUG]          org.apache.maven:maven-aether-provider:jar:3.0:runtime
[DEBUG]          org.sonatype.aether:aether-impl:jar:1.7:compile
[DEBUG]             org.sonatype.aether:aether-spi:jar:1.7:compile
[DEBUG]          org.sonatype.aether:aether-api:jar:1.7:compile
[DEBUG]          org.sonatype.aether:aether-util:jar:1.7:compile
[DEBUG]          org.sonatype.sisu:sisu-inject-plexus:jar:1.4.2:compile
[DEBUG]             org.sonatype.sisu:sisu-inject-bean:jar:1.4.2:compile
[DEBUG]                org.sonatype.sisu:sisu-guice:jar:noaop:2.1.7:compile
[DEBUG]          org.codehaus.plexus:plexus-classworlds:jar:2.2.3:compile
[DEBUG]          org.codehaus.plexus:plexus-component-annotations:jar:1.5.5:compile
[DEBUG]          org.sonatype.plexus:plexus-sec-dispatcher:jar:1.3:compile
[DEBUG]             org.sonatype.plexus:plexus-cipher:jar:1.4:compile
[DEBUG] Created new class realm plugin>org.apache.maven.plugins:maven-war-plugin:3.4.0
[DEBUG] Importing foreign packages into class realm plugin>org.apache.maven.plugins:maven-war-plugin:3.4.0
[DEBUG]   Imported:  < maven.api
[DEBUG] Populating class realm plugin>org.apache.maven.plugins:maven-war-plugin:3.4.0
[DEBUG]   Included: org.apache.maven.plugins:maven-war-plugin:jar:3.4.0
[DEBUG]   Included: org.apache.maven:maven-archiver:jar:3.6.0
[DEBUG]   Included: org.codehaus.plexus:plexus-io:jar:3.4.0
[DEBUG]   Included: org.apache.maven.shared:maven-shared-utils:jar:3.4.2
[DEBUG]   Included: commons-io:commons-io:jar:2.13.0
[DEBUG]   Included: org.codehaus.plexus:plexus-archiver:jar:4.7.1
[DEBUG]   Included: org.apache.commons:commons-compress:jar:1.23.0
[DEBUG]   Included: org.iq80.snappy:snappy:jar:0.4
[DEBUG]   Included: org.tukaani:xz:jar:1.9
[DEBUG]   Included: com.github.luben:zstd-jni:jar:1.5.5-2
[DEBUG]   Included: org.codehaus.plexus:plexus-interpolation:jar:1.26
[DEBUG]   Included: org.codehaus.plexus:plexus-utils:jar:3.5.1
[DEBUG]   Included: org.apache.maven.shared:maven-filtering:jar:3.3.1
[DEBUG]   Included: org.sonatype.plexus:plexus-build-api:jar:0.0.7
[DEBUG]   Included: org.apache.maven.shared:maven-mapping:jar:3.0.0
[DEBUG]   Included: org.sonatype.aether:aether-util:jar:1.7
[DEBUG]   Included: org.sonatype.sisu:sisu-inject-bean:jar:1.4.2
[DEBUG]   Included: org.sonatype.sisu:sisu-guice:jar:noaop:2.1.7
[DEBUG]   Included: org.codehaus.plexus:plexus-component-annotations:jar:1.5.5
[DEBUG]   Included: org.sonatype.plexus:plexus-sec-dispatcher:jar:1.3
[DEBUG]   Included: org.sonatype.plexus:plexus-cipher:jar:1.4
[DEBUG] Loading mojo org.apache.maven.plugins:maven-war-plugin:3.4.0:war from plugin realm ClassRealm[plugin>org.apache.maven.plugins:maven-war-plugin:3.4.0, parent: jdk.internal.loader.ClassLoaders$AppClassLoader@33909752]
[DEBUG] Configuring mojo execution 'org.apache.maven.plugins:maven-war-plugin:3.4.0:war:default-war' with basic configurator -->
[DEBUG]   (s) archiveClasses = false
[DEBUG]   (s) attachClasses = false
[DEBUG]   (s) classesClassifier = classes
[DEBUG]   (s) classesDirectory = D:\Java\Dormitory_Management_Servlet\target\classes
[DEBUG]   (f) escapedBackslashesInFilePath = false
[DEBUG]   (f) filteringDeploymentDescriptors = false
[DEBUG]   (f) includeEmptyDirectories = false
[DEBUG]   (f) outdatedCheckPath = WEB-INF/lib/
[DEBUG]   (s) outputDirectory = D:\Java\Dormitory_Management_Servlet\target
[DEBUG]   (s) primaryArtifact = true
[DEBUG]   (s) project = MavenProject: com.dormitory:Dormitory_Management_Servlet:1.0-SNAPSHOT @ D:\Java\Dormitory_Management_Servlet\pom.xml
[DEBUG]   (f) recompressZippedFiles = true
[DEBUG]   (f) resourceEncoding = UTF-8
[DEBUG]   (f) session = org.apache.maven.execution.MavenSession@7d2998d8
[DEBUG]   (f) skip = false
[DEBUG]   (f) supportMultiLineFiltering = false
[DEBUG]   (f) useDefaultDelimiters = true
[DEBUG]   (f) useJvmChmod = true
[DEBUG]   (s) warName = Dormitory_Management_Servlet
[DEBUG]   (s) warSourceDirectory = D:\Java\Dormitory_Management_Servlet\src\main\webapp
[DEBUG]   (s) warSourceIncludes = **
[DEBUG]   (s) webappDirectory = D:\Java\Dormitory_Management_Servlet\target\Dormitory_Management_Servlet
[DEBUG]   (s) workDirectory = D:\Java\Dormitory_Management_Servlet\target\war\work
[DEBUG] -- end configuration --
[INFO] Packaging webapp
[INFO] Assembling webapp [Dormitory_Management_Servlet] in [D:\Java\Dormitory_Management_Servlet\target\Dormitory_Management_Servlet]
[DEBUG] properties used:
[DEBUG] classworlds.conf: C:\Program Files\apache-maven-3.9.9\bin\m2.conf
[DEBUG] env.=D:: D:\Java\Dormitory_Management_Servlet
[DEBUG] env.ALLUSERSPROFILE: C:\ProgramData
[DEBUG] env.APPDATA: C:\Users\ASUS\AppData\Roaming
[DEBUG] env.ASL.LOG: Destination=file
[DEBUG] env.CLASSWORLDS_JAR: "C:\Program Files\apache-maven-3.9.9\boot\plexus-classworlds-2.8.0.jar"
[DEBUG] env.CLASSWORLDS_LAUNCHER: org.codehaus.plexus.classworlds.launcher.Launcher
[DEBUG] env.COMMONPROGRAMFILES: C:\Program Files\Common Files
[DEBUG] env.COMMONPROGRAMFILES(X86): C:\Program Files (x86)\Common Files
[DEBUG] env.COMMONPROGRAMW6432: C:\Program Files\Common Files
[DEBUG] env.COMPUTERNAME: DESKTOP-6DOG8SA
[DEBUG] env.COMSPEC: C:\WINDOWS\system32\cmd.exe
[DEBUG] env.DRIVERDATA: C:\Windows\System32\Drivers\DriverData
[DEBUG] env.ERROR_CODE: 0
[DEBUG] env.EXEC_DIR: D:\Java\Dormitory_Management_Servlet
[DEBUG] env.HOMEDRIVE: C:
[DEBUG] env.HOMEPATH: \Users\ASUS
[DEBUG] env.JAVACMD: C:\Program Files\Java\jdk-23\bin\java.exe
[DEBUG] env.JAVA_HOME: C:\Program Files\Java\jdk-23
[DEBUG] env.JVMCONFIG: \.mvn\jvm.config
[DEBUG] env.LOCALAPPDATA: C:\Users\ASUS\AppData\Local
[DEBUG] env.LOGONSERVER: \\DESKTOP-6DOG8SA
[DEBUG] env.M2_HOME: C:\Program Files\apache-maven-3.9.9
[DEBUG] env.MAVEN_CMD_LINE_ARGS: clean package -X
[DEBUG] env.MAVEN_HOME: C:\Program Files\apache-maven-3.9.9
[DEBUG] env.MAVEN_PROJECTBASEDIR: D:\Java\Dormitory_Management_Servlet
[DEBUG] env.MINGW: C:\MinGW\bin\
[DEBUG] env.NUMBER_OF_PROCESSORS: 8
[DEBUG] env.ONEDRIVE: C:\Users\ASUS\OneDrive
[DEBUG] env.ONEDRIVECONSUMER: C:\Users\ASUS\OneDrive
[DEBUG] env.OS: Windows_NT
[DEBUG] env.PATH: C:\ProgramData\Oracle\Java\javapath;C:\Program Files\Common Files\Oracle\Java\javapath;C:\WINDOWS\system32;C:\WINDOWS;C:\WINDOWS\System32\Wbem;C:\WINDOWS\System32\WindowsPowerShell\v1.0\;C:\WINDOWS\System32\OpenSSH\;C:\Program Files\dotnet\;C:\Program Files\Cloudflare\Cloudflare WARP\;C:\Program Files (x86)\Microsoft SQL Server\160\DTS\Binn\;C:\Program Files (x86)\Microsoft SQL Server\160\Tools\Binn\;C:\Program Files\Microsoft SQL Server\160\Tools\Binn\;C:\Program Files\Microsoft SQL Server\Client SDK\ODBC\170\Tools\Binn\;C:\Program Files\Microsoft SQL Server\160\DTS\Binn\;C:\Program Files\Git\cmd;C:\MinGW\bin;C:\Program Files\Java\jdk-23\bin;C:\Program Files\apache-maven-3.9.9\bin;C:\Program Files\nodejs\;C:\Users\ASUS\AppData\Local\Microsoft\WindowsApps;C:\Users\ASUS\AppData\Local\Programs\Microsoft VS Code\bin;C:\Users\ASUS\AppData\Roaming\npm
[DEBUG] env.PATHEXT: .COM;.EXE;.BAT;.CMD;.VBS;.VBE;.JS;.JSE;.WSF;.WSH;.MSC;.CPL
[DEBUG] env.PROCESSOR_ARCHITECTURE: AMD64
[DEBUG] env.PROCESSOR_IDENTIFIER: Intel64 Family 6 Model 140 Stepping 1, GenuineIntel
[DEBUG] env.PROCESSOR_LEVEL: 6
[DEBUG] env.PROCESSOR_REVISION: 8c01
[DEBUG] env.PROGRAMDATA: C:\ProgramData
[DEBUG] env.PROGRAMFILES: C:\Program Files
[DEBUG] env.PROGRAMFILES(X86): C:\Program Files (x86)
[DEBUG] env.PROGRAMW6432: C:\Program Files
[DEBUG] env.PROMPT: $P$G
[DEBUG] env.PSMODULEPATH: C:\Users\ASUS\OneDrive\Documents\WindowsPowerShell\Modules;C:\Program Files\WindowsPowerShell\Modules;C:\WINDOWS\system32\WindowsPowerShell\v1.0\Modules;C:\Program Files (x86)\Microsoft SQL Server\160\Tools\PowerShell\Modules\
[DEBUG] env.PUBLIC: C:\Users\Public
[DEBUG] env.SESSIONNAME: Console
[DEBUG] env.SYSTEMDRIVE: C:
[DEBUG] env.SYSTEMROOT: C:\WINDOWS
[DEBUG] env.TEMP: C:\Users\ASUS\AppData\Local\Temp
[DEBUG] env.TMP: C:\Users\ASUS\AppData\Local\Temp
[DEBUG] env.USERDOMAIN: DESKTOP-6DOG8SA
[DEBUG] env.USERDOMAIN_ROAMINGPROFILE: DESKTOP-6DOG8SA
[DEBUG] env.USERNAME: ASUS
[DEBUG] env.USERPROFILE: C:\Users\ASUS
[DEBUG] env.WDIR: D:\
[DEBUG] env.WINDIR: C:\WINDOWS
[DEBUG] env.WSLENV: WT_SESSION:WT_PROFILE_ID:
[DEBUG] env.WT_PROFILE_ID: {61c54bbd-c2c6-5271-96e7-009a87ff44bf}
[DEBUG] env.WT_SESSION: d2ad6c58-806c-4c9f-b293-0f749b90dfa2
[DEBUG] env.ZES_ENABLE_SYSMAN: 1
[DEBUG] file.encoding: UTF-8
[DEBUG] file.separator: \
[DEBUG] itext.version: 9.1.0
[DEBUG] java.class.path: C:\Program Files\apache-maven-3.9.9\boot\plexus-classworlds-2.8.0.jar
[DEBUG] java.class.version: 67.0
[DEBUG] java.home: C:\Program Files\Java\jdk-23
[DEBUG] java.io.tmpdir: C:\Users\ASUS\AppData\Local\Temp\
[DEBUG] java.library.path: C:\Program Files\Java\jdk-23\bin;C:\WINDOWS\Sun\Java\bin;C:\WINDOWS\system32;C:\WINDOWS;C:\ProgramData\Oracle\Java\javapath;C:\Program Files\Common Files\Oracle\Java\javapath;C:\WINDOWS\system32;C:\WINDOWS;C:\WINDOWS\System32\Wbem;C:\WINDOWS\System32\WindowsPowerShell\v1.0\;C:\WINDOWS\System32\OpenSSH\;C:\Program Files\dotnet\;C:\Program Files\Cloudflare\Cloudflare WARP\;C:\Program Files (x86)\Microsoft SQL Server\160\DTS\Binn\;C:\Program Files (x86)\Microsoft SQL Server\160\Tools\Binn\;C:\Program Files\Microsoft SQL Server\160\Tools\Binn\;C:\Program Files\Microsoft SQL Server\Client SDK\ODBC\170\Tools\Binn\;C:\Program Files\Microsoft SQL Server\160\DTS\Binn\;C:\Program Files\Git\cmd;C:\MinGW\bin;C:\Program Files\Java\jdk-23\bin;C:\Program Files\apache-maven-3.9.9\bin;C:\Program Files\nodejs\;C:\Users\ASUS\AppData\Local\Microsoft\WindowsApps;C:\Users\ASUS\AppData\Local\Programs\Microsoft VS Code\bin;C:\Users\ASUS\AppData\Roaming\npm;.
[DEBUG] java.runtime.name: Java(TM) SE Runtime Environment
[DEBUG] java.runtime.version: 23.0.1+11-39
[DEBUG] java.specification.name: Java Platform API Specification
[DEBUG] java.specification.vendor: Oracle Corporation
[DEBUG] java.specification.version: 23
[DEBUG] java.vendor: Oracle Corporation
[DEBUG] java.vendor.url: https://java.oracle.com/
[DEBUG] java.vendor.url.bug: https://bugreport.java.com/bugreport/
[DEBUG] java.version: 23.0.1
[DEBUG] java.version.date: 2024-10-15
[DEBUG] java.vm.compressedOopsMode: 32-bit
[DEBUG] java.vm.info: mixed mode, sharing
[DEBUG] java.vm.name: Java HotSpot(TM) 64-Bit Server VM
[DEBUG] java.vm.specification.name: Java Virtual Machine Specification
[DEBUG] java.vm.specification.vendor: Oracle Corporation
[DEBUG] java.vm.specification.version: 23
[DEBUG] java.vm.vendor: Oracle Corporation
[DEBUG] java.vm.version: 23.0.1+11-39
[DEBUG] jdk.debug: release
[DEBUG] library.jansi.path: C:\Program Files\apache-maven-3.9.9\lib\jansi-native
[DEBUG] line.separator: 

[DEBUG] maven.build.version: Apache Maven 3.9.9 (8e8579a9e76f7d015ee5ec7bfcdc97d260186937)
[DEBUG] maven.compiler.source: 23
[DEBUG] maven.compiler.target: 23
[DEBUG] maven.conf: C:\Program Files\apache-maven-3.9.9/conf
[DEBUG] maven.home: C:\Program Files\apache-maven-3.9.9
[DEBUG] maven.multiModuleProjectDirectory: D:\Java\Dormitory_Management_Servlet
[DEBUG] maven.version: 3.9.9
[DEBUG] native.encoding: Cp1252
[DEBUG] os.arch: amd64
[DEBUG] os.name: Windows 11
[DEBUG] os.version: 10.0
[DEBUG] path.separator: ;
[DEBUG] project.build.sourceEncoding: UTF-8
[DEBUG] stderr.encoding: cp437
[DEBUG] stdout.encoding: Cp1252
[DEBUG] sun.arch.data.model: 64
[DEBUG] sun.boot.library.path: C:\Program Files\Java\jdk-23\bin
[DEBUG] sun.cpu.endian: little
[DEBUG] sun.cpu.isalist: amd64
[DEBUG] sun.io.unicode.encoding: UnicodeLittle
[DEBUG] sun.java.command: org.codehaus.plexus.classworlds.launcher.Launcher clean package -X
[DEBUG] sun.java.launcher: SUN_STANDARD
[DEBUG] sun.jnu.encoding: Cp1252
[DEBUG] sun.management.compiler: HotSpot 64-Bit Tiered Compilers
[DEBUG] sun.os.patch.level: 
[DEBUG] user.country: US
[DEBUG] user.dir: D:\Java\Dormitory_Management_Servlet
[DEBUG] user.home: C:\Users\ASUS
[DEBUG] user.language: en
[DEBUG] user.name: ASUS
[DEBUG] user.script: 
[DEBUG] user.variant: 
[INFO] Processing war project
[INFO] Copying webapp resources [D:\Java\Dormitory_Management_Servlet\src\main\webapp]
[DEBUG]  + admin/addRoom.jsp has been copied.
[DEBUG]  + admin/dashboard.jsp has been copied.
[DEBUG]  + admin/editInvoice.jsp has been copied.
[DEBUG]  + admin/editRoom.jsp has been copied.
[DEBUG]  + admin/genderPieChart.jsp has been copied.
[DEBUG]  + admin/passwordChange.jsp has been copied.
[DEBUG]  + css/editInfo.css has been copied.
[DEBUG]  + css/homepage.css has been copied.
[DEBUG]  + css/login.css has been copied.
[DEBUG]  + css/register.css has been copied.
[DEBUG]  + css/styles.css has been copied.
[DEBUG]  + images/avt.jpg has been copied.
[DEBUG]  + images/homepage/logo.png has been copied.
[DEBUG]  + images/homepage/slide (1).png has been copied.
[DEBUG]  + images/homepage/slide (2).png has been copied.
[DEBUG]  + images/homepage/slide (3).png has been copied.
[DEBUG]  + images/homepage/slide (4).png has been copied.
[DEBUG]  + images/login/logo.png has been copied.
[DEBUG]  + images/qr_code.jpg has been copied.
[DEBUG]  + index.jsp has been copied.
[DEBUG]  + js/chat.js has been copied.
[DEBUG]  + login.jsp has been copied.
[DEBUG]  + loginAdmin.jsp has been copied.
[DEBUG]  + META-INF/MANIFEST.MF has been copied.
[DEBUG]  + register.jsp has been copied.
[DEBUG]  + student/bookRoom.jsp has been copied.
[DEBUG]  + student/dashboard.jsp has been copied.
[DEBUG]  + student/forgetPassword.jsp has been copied.
[DEBUG]  + student/resetPassword.jsp has been copied.
[DEBUG]  + student/updateProfile.jsp has been copied.
[DEBUG]  + student/verifyCode.jsp has been copied.
[DEBUG]  + WEB-INF/lib/angus-activation-2.0.0.jar has been copied.
[DEBUG]  + WEB-INF/lib/antlr4-runtime-4.13.0.jar has been copied.
[DEBUG]  + WEB-INF/lib/byte-buddy-1.15.11.jar has been copied.
[DEBUG]  + WEB-INF/lib/classmate-1.5.1.jar has been copied.
[DEBUG]  + WEB-INF/lib/hibernate-commons-annotations-7.0.3.Final.jar has been copied.
[DEBUG]  + WEB-INF/lib/hibernate-core-6.6.13.Final.jar has been copied.
[DEBUG]  + WEB-INF/lib/istack-commons-runtime-4.1.1.jar has been copied.
[DEBUG]  + WEB-INF/lib/jakarta.activation-api-2.1.0.jar has been copied.
[DEBUG]  + WEB-INF/lib/jakarta.el-api-5.0.0.jar has been copied.
[DEBUG]  + WEB-INF/lib/jakarta.inject-api-2.0.1.jar has been copied.
[DEBUG]  + WEB-INF/lib/jakarta.mail-2.0.1.jar has been copied.
[DEBUG]  + WEB-INF/lib/jakarta.persistence-api-3.1.0.jar has been copied.
[DEBUG]  + WEB-INF/lib/jakarta.servlet.jsp.jstl-3.0.1.jar has been copied.
[DEBUG]  + WEB-INF/lib/jakarta.servlet.jsp.jstl-api-3.0.2.jar has been copied.
[DEBUG]  + WEB-INF/lib/jakarta.transaction-api-2.0.1.jar has been copied.
[DEBUG]  + WEB-INF/lib/jakarta.websocket-api-2.2.0.jar has been copied.
[DEBUG]  + WEB-INF/lib/jakarta.xml.bind-api-4.0.0.jar has been copied.
[DEBUG]  + WEB-INF/lib/jandex-3.2.0.jar has been copied.
[DEBUG]  + WEB-INF/lib/jaxb-core-4.0.2.jar has been copied.
[DEBUG]  + WEB-INF/lib/jaxb-runtime-4.0.2.jar has been copied.
[DEBUG]  + WEB-INF/lib/jbcrypt-0.4.jar has been copied.
[DEBUG]  + WEB-INF/lib/jboss-logging-3.5.0.Final.jar has been copied.
[DEBUG]  + WEB-INF/lib/mysql-connector-j-9.1.0.jar has been copied.
[DEBUG]  + WEB-INF/lib/protobuf-java-4.26.1.jar has been copied.
[DEBUG]  + WEB-INF/lib/txw2-4.0.2.jar has been copied.
[DEBUG]  + WEB-INF/web.xml has been copied.
[DEBUG] Dump of the current build pathSet content -->
[DEBUG] admin/addRoom.jsp
[DEBUG] admin/dashboard.jsp
[DEBUG] admin/editInvoice.jsp
[DEBUG] admin/editRoom.jsp
[DEBUG] admin/genderPieChart.jsp
[DEBUG] admin/passwordChange.jsp
[DEBUG] css/editInfo.css
[DEBUG] css/homepage.css
[DEBUG] css/login.css
[DEBUG] css/register.css
[DEBUG] css/styles.css
[DEBUG] images/avt.jpg
[DEBUG] images/homepage/logo.png
[DEBUG] images/homepage/slide (1).png
[DEBUG] images/homepage/slide (2).png
[DEBUG] images/homepage/slide (3).png
[DEBUG] images/homepage/slide (4).png
[DEBUG] images/login/logo.png
[DEBUG] images/qr_code.jpg
[DEBUG] index.jsp
[DEBUG] js/chat.js
[DEBUG] login.jsp
[DEBUG] loginAdmin.jsp
[DEBUG] META-INF/MANIFEST.MF
[DEBUG] register.jsp
[DEBUG] student/bookRoom.jsp
[DEBUG] student/dashboard.jsp
[DEBUG] student/forgetPassword.jsp
[DEBUG] student/resetPassword.jsp
[DEBUG] student/updateProfile.jsp
[DEBUG] student/verifyCode.jsp
[DEBUG] WEB-INF/lib/angus-activation-2.0.0.jar
[DEBUG] WEB-INF/lib/antlr4-runtime-4.13.0.jar
[DEBUG] WEB-INF/lib/byte-buddy-1.15.11.jar
[DEBUG] WEB-INF/lib/classmate-1.5.1.jar
[DEBUG] WEB-INF/lib/hibernate-commons-annotations-7.0.3.Final.jar
[DEBUG] WEB-INF/lib/hibernate-core-6.6.13.Final.jar
[DEBUG] WEB-INF/lib/istack-commons-runtime-4.1.1.jar
[DEBUG] WEB-INF/lib/jakarta.activation-api-2.1.0.jar
[DEBUG] WEB-INF/lib/jakarta.el-api-5.0.0.jar
[DEBUG] WEB-INF/lib/jakarta.inject-api-2.0.1.jar
[DEBUG] WEB-INF/lib/jakarta.mail-2.0.1.jar
[DEBUG] WEB-INF/lib/jakarta.persistence-api-3.1.0.jar
[DEBUG] WEB-INF/lib/jakarta.servlet.jsp.jstl-3.0.1.jar
[DEBUG] WEB-INF/lib/jakarta.servlet.jsp.jstl-api-3.0.2.jar
[DEBUG] WEB-INF/lib/jakarta.transaction-api-2.0.1.jar
[DEBUG] WEB-INF/lib/jakarta.websocket-api-2.2.0.jar
[DEBUG] WEB-INF/lib/jakarta.xml.bind-api-4.0.0.jar
[DEBUG] WEB-INF/lib/jandex-3.2.0.jar
[DEBUG] WEB-INF/lib/jaxb-core-4.0.2.jar
[DEBUG] WEB-INF/lib/jaxb-runtime-4.0.2.jar
[DEBUG] WEB-INF/lib/jbcrypt-0.4.jar
[DEBUG] WEB-INF/lib/jboss-logging-3.5.0.Final.jar
[DEBUG] WEB-INF/lib/mysql-connector-j-9.1.0.jar
[DEBUG] WEB-INF/lib/protobuf-java-4.26.1.jar
[DEBUG] WEB-INF/lib/txw2-4.0.2.jar
[DEBUG] WEB-INF/web.xml
[DEBUG] -- end of dump --
[DEBUG]  + WEB-INF/classes/entity/Building.class has been copied.
[DEBUG]  + WEB-INF/classes/entity/Contract.class has been copied.
[DEBUG]  + WEB-INF/classes/entity/Invoice.class has been copied.
[DEBUG]  + WEB-INF/classes/entity/Manager.class has been copied.
[DEBUG]  + WEB-INF/classes/entity/Room.class has been copied.
[DEBUG]  + WEB-INF/classes/entity/Student.class has been copied.
[DEBUG]  + WEB-INF/classes/fonts/NotoSerif-Regular.ttf has been copied.
[DEBUG]  + WEB-INF/classes/hibernate.cfg.xml has been copied.
[DEBUG]  + WEB-INF/classes/images/logo.png has been copied.
[DEBUG]  + WEB-INF/classes/logback.xml has been copied.
[DEBUG]  + WEB-INF/classes/servlet/AddRoomServlet.class has been copied.
[DEBUG]  + WEB-INF/classes/servlet/BuildingServlet.class has been copied.
[DEBUG]  + WEB-INF/classes/servlet/DashboardAdminServlet.class has been copied.
[DEBUG]  + WEB-INF/classes/servlet/DashboardServlet.class has been copied.
[DEBUG]  + WEB-INF/classes/servlet/DeleteStudentServlet.class has been copied.
[DEBUG]  + WEB-INF/classes/servlet/EditInvoiceServlet.class has been copied.
[DEBUG]  + WEB-INF/classes/servlet/EditRoomServlet.class has been copied.
[DEBUG]  + WEB-INF/classes/servlet/GenderDataServlet.class has been copied.
[DEBUG]  + WEB-INF/classes/servlet/LoginAdminServlet.class has been copied.
[DEBUG]  + WEB-INF/classes/servlet/LoginStudentServlet.class has been copied.
[DEBUG]  + WEB-INF/classes/servlet/PrintInvoiceServlet.class has been copied.
[DEBUG]  + WEB-INF/classes/servlet/RegisterServlet.class has been copied.
[DEBUG]  + WEB-INF/classes/servlet/ResetPasswordServlet.class has been copied.
[DEBUG]  + WEB-INF/classes/servlet/RoomBookingServlet.class has been copied.
[DEBUG]  + WEB-INF/classes/servlet/RoomServlet.class has been copied.
[DEBUG]  + WEB-INF/classes/servlet/SendResetCodeServlet$1.class has been copied.
[DEBUG]  + WEB-INF/classes/servlet/SendResetCodeServlet.class has been copied.
[DEBUG]  + WEB-INF/classes/servlet/UpdateProfileServlet.class has been copied.
[DEBUG]  + WEB-INF/classes/servlet/VerifyCodeServlet.class has been copied.
[DEBUG]  + WEB-INF/classes/templates/invoice.html has been copied.
[DEBUG]  + WEB-INF/classes/util/CommonLogger.class has been copied.
[DEBUG]  + WEB-INF/classes/util/HibernateUtil.class has been copied.
[DEBUG]  + WEB-INF/classes/websocket/ChatEndpoint.class has been copied.
[DEBUG] Processing: hibernate-core-6.6.13.Final.jar
[DEBUG]  - WEB-INF/lib/hibernate-core-6.6.13.Final.jar wasn't copied because it has already been packaged for overlay [currentBuild].
[DEBUG] Processing: jakarta.transaction-api-2.0.1.jar
[DEBUG]  - WEB-INF/lib/jakarta.transaction-api-2.0.1.jar wasn't copied because it has already been packaged for overlay [currentBuild].
[DEBUG] Processing: jboss-logging-3.5.0.Final.jar
[DEBUG]  - WEB-INF/lib/jboss-logging-3.5.0.Final.jar wasn't copied because it has already been packaged for overlay [currentBuild].
[DEBUG] Processing: hibernate-commons-annotations-7.0.3.Final.jar
[DEBUG]  - WEB-INF/lib/hibernate-commons-annotations-7.0.3.Final.jar wasn't copied because it has already been packaged for overlay [currentBuild].
[DEBUG] Processing: jandex-3.2.0.jar
[DEBUG]  - WEB-INF/lib/jandex-3.2.0.jar wasn't copied because it has already been packaged for overlay [currentBuild].
[DEBUG] Processing: classmate-1.5.1.jar
[DEBUG]  - WEB-INF/lib/classmate-1.5.1.jar wasn't copied because it has already been packaged for overlay [currentBuild].
[DEBUG] Processing: byte-buddy-1.15.11.jar
[DEBUG]  - WEB-INF/lib/byte-buddy-1.15.11.jar wasn't copied because it has already been packaged for overlay [currentBuild].
[DEBUG] Processing: jakarta.xml.bind-api-4.0.0.jar
[DEBUG]  - WEB-INF/lib/jakarta.xml.bind-api-4.0.0.jar wasn't copied because it has already been packaged for overlay [currentBuild].
[DEBUG] Processing: jakarta.activation-api-2.1.0.jar
[DEBUG]  - WEB-INF/lib/jakarta.activation-api-2.1.0.jar wasn't copied because it has already been packaged for overlay [currentBuild].
[DEBUG] Processing: jaxb-runtime-4.0.2.jar
[DEBUG]  - WEB-INF/lib/jaxb-runtime-4.0.2.jar wasn't copied because it has already been packaged for overlay [currentBuild].
[DEBUG] Processing: jaxb-core-4.0.2.jar
[DEBUG]  - WEB-INF/lib/jaxb-core-4.0.2.jar wasn't copied because it has already been packaged for overlay [currentBuild].
[DEBUG] Processing: angus-activation-2.0.0.jar
[DEBUG]  - WEB-INF/lib/angus-activation-2.0.0.jar wasn't copied because it has already been packaged for overlay [currentBuild].
[DEBUG] Processing: txw2-4.0.2.jar
[DEBUG]  - WEB-INF/lib/txw2-4.0.2.jar wasn't copied because it has already been packaged for overlay [currentBuild].
[DEBUG] Processing: istack-commons-runtime-4.1.1.jar
[DEBUG]  - WEB-INF/lib/istack-commons-runtime-4.1.1.jar wasn't copied because it has already been packaged for overlay [currentBuild].
[DEBUG] Processing: jakarta.inject-api-2.0.1.jar
[DEBUG]  - WEB-INF/lib/jakarta.inject-api-2.0.1.jar wasn't copied because it has already been packaged for overlay [currentBuild].
[DEBUG] Processing: antlr4-runtime-4.13.0.jar
[DEBUG]  - WEB-INF/lib/antlr4-runtime-4.13.0.jar wasn't copied because it has already been packaged for overlay [currentBuild].
[DEBUG] Processing: jakarta.persistence-api-3.1.0.jar
[DEBUG]  - WEB-INF/lib/jakarta.persistence-api-3.1.0.jar wasn't copied because it has already been packaged for overlay [currentBuild].
[DEBUG] Processing: mysql-connector-j-9.1.0.jar
[DEBUG]  - WEB-INF/lib/mysql-connector-j-9.1.0.jar wasn't copied because it has already been packaged for overlay [currentBuild].
[DEBUG] Processing: protobuf-java-4.26.1.jar
[DEBUG]  - WEB-INF/lib/protobuf-java-4.26.1.jar wasn't copied because it has already been packaged for overlay [currentBuild].
[DEBUG] Processing: jakarta.servlet-api-6.1.0.jar
[DEBUG] Processing: jbcrypt-0.4.jar
[DEBUG]  - WEB-INF/lib/jbcrypt-0.4.jar wasn't copied because it has already been packaged for overlay [currentBuild].
[DEBUG] Processing: javax.websocket-api-1.1.jar
[DEBUG] Processing: jakarta.websocket-api-2.2.0.jar
[DEBUG]  - WEB-INF/lib/jakarta.websocket-api-2.2.0.jar wasn't copied because it has already been packaged for overlay [currentBuild].
[DEBUG] Processing: jakarta.servlet.jsp.jstl-api-3.0.2.jar
[DEBUG]  - WEB-INF/lib/jakarta.servlet.jsp.jstl-api-3.0.2.jar wasn't copied because it has already been packaged for overlay [currentBuild].
[DEBUG] Processing: jakarta.el-api-5.0.0.jar
[DEBUG]  - WEB-INF/lib/jakarta.el-api-5.0.0.jar wasn't copied because it has already been packaged for overlay [currentBuild].
[DEBUG] Processing: jakarta.servlet.jsp.jstl-3.0.1.jar
[DEBUG]  - WEB-INF/lib/jakarta.servlet.jsp.jstl-3.0.1.jar wasn't copied because it has already been packaged for overlay [currentBuild].
[DEBUG] Processing: jakarta.mail-2.0.1.jar
[DEBUG]  - WEB-INF/lib/jakarta.mail-2.0.1.jar wasn't copied because it has already been packaged for overlay [currentBuild].
[DEBUG] Processing: jakarta.activation-2.0.1.jar
[DEBUG]  + WEB-INF/lib/jakarta.activation-2.0.1.jar has been copied.
[DEBUG] Processing: logback-classic-1.5.16.jar
[DEBUG]  + WEB-INF/lib/logback-classic-1.5.16.jar has been copied.
[DEBUG] Processing: logback-core-1.5.16.jar
[DEBUG]  + WEB-INF/lib/logback-core-1.5.16.jar has been copied.
[DEBUG] Processing: html2pdf-6.1.0.jar
[DEBUG]  + WEB-INF/lib/html2pdf-6.1.0.jar has been copied.
[DEBUG] Processing: svg-9.1.0.jar
[DEBUG]  + WEB-INF/lib/svg-9.1.0.jar has been copied.
[DEBUG] Processing: styled-xml-parser-9.1.0.jar
[DEBUG]  + WEB-INF/lib/styled-xml-parser-9.1.0.jar has been copied.
[DEBUG] Processing: pdfa-9.1.0.jar
[DEBUG]  + WEB-INF/lib/pdfa-9.1.0.jar has been copied.
[DEBUG] Processing: kernel-9.1.0.jar
[DEBUG]  + WEB-INF/lib/kernel-9.1.0.jar has been copied.
[DEBUG] Processing: bouncy-castle-connector-9.1.0.jar
[DEBUG]  + WEB-INF/lib/bouncy-castle-connector-9.1.0.jar has been copied.
[DEBUG] Processing: io-9.1.0.jar
[DEBUG]  + WEB-INF/lib/io-9.1.0.jar has been copied.
[DEBUG] Processing: commons-9.1.0.jar
[DEBUG]  + WEB-INF/lib/commons-9.1.0.jar has been copied.
[DEBUG] Processing: forms-9.1.0.jar
[DEBUG]  + WEB-INF/lib/forms-9.1.0.jar has been copied.
[DEBUG] Processing: layout-9.1.0.jar
[DEBUG]  + WEB-INF/lib/layout-9.1.0.jar has been copied.
[DEBUG] Processing: slf4j-api-2.0.16.jar
[DEBUG]  + WEB-INF/lib/slf4j-api-2.0.16.jar has been copied.
[DEBUG] Webapp assembled in [474 msecs]
[DEBUG] Excluding [] from the generated webapp archive.
[DEBUG] Including [**] in the generated webapp archive.
[DEBUG] Build won't fail if web.xml file is missing.
[INFO] Building war: D:\Java\Dormitory_Management_Servlet\target\Dormitory_Management_Servlet.war
[DEBUG] adding directory META-INF/
[DEBUG] adding entry META-INF/MANIFEST.MF
[DEBUG] adding directory admin/
[DEBUG] adding directory css/
[DEBUG] adding directory images/
[DEBUG] adding directory images/homepage/
[DEBUG] adding directory images/login/
[DEBUG] adding directory js/
[DEBUG] adding directory student/
[DEBUG] adding directory WEB-INF/
[DEBUG] adding directory WEB-INF/classes/
[DEBUG] adding directory WEB-INF/classes/entity/
[DEBUG] adding directory WEB-INF/classes/fonts/
[DEBUG] adding directory WEB-INF/classes/images/
[DEBUG] adding directory WEB-INF/classes/servlet/
[DEBUG] adding directory WEB-INF/classes/templates/
[DEBUG] adding directory WEB-INF/classes/util/
[DEBUG] adding directory WEB-INF/classes/websocket/
[DEBUG] adding directory WEB-INF/lib/
[DEBUG] adding entry admin/addRoom.jsp
[DEBUG] adding entry admin/dashboard.jsp
[DEBUG] adding entry admin/editInvoice.jsp
[DEBUG] adding entry admin/editRoom.jsp
[DEBUG] adding entry admin/genderPieChart.jsp
[DEBUG] adding entry admin/passwordChange.jsp
[DEBUG] adding entry css/editInfo.css
[DEBUG] adding entry css/homepage.css
[DEBUG] adding entry css/login.css
[DEBUG] adding entry css/register.css
[DEBUG] adding entry css/styles.css
[DEBUG] adding entry images/avt.jpg
[DEBUG] adding entry images/homepage/logo.png
[DEBUG] adding entry images/homepage/slide (1).png
[DEBUG] adding entry images/homepage/slide (2).png
[DEBUG] adding entry images/homepage/slide (3).png
[DEBUG] adding entry images/homepage/slide (4).png
[DEBUG] adding entry images/login/logo.png
[DEBUG] adding entry images/qr_code.jpg
[DEBUG] adding entry index.jsp
[DEBUG] adding entry js/chat.js
[DEBUG] adding entry login.jsp
[DEBUG] adding entry loginAdmin.jsp
[DEBUG] adding entry register.jsp
[DEBUG] adding entry student/bookRoom.jsp
[DEBUG] adding entry student/dashboard.jsp
[DEBUG] adding entry student/forgetPassword.jsp
[DEBUG] adding entry student/resetPassword.jsp
[DEBUG] adding entry student/updateProfile.jsp
[DEBUG] adding entry student/verifyCode.jsp
[DEBUG] adding entry WEB-INF/classes/entity/Building.class
[DEBUG] adding entry WEB-INF/classes/entity/Contract.class
[DEBUG] adding entry WEB-INF/classes/entity/Invoice.class
[DEBUG] adding entry WEB-INF/classes/entity/Manager.class
[DEBUG] adding entry WEB-INF/classes/entity/Room.class
[DEBUG] adding entry WEB-INF/classes/entity/Student.class
[DEBUG] adding entry WEB-INF/classes/fonts/NotoSerif-Regular.ttf
[DEBUG] adding entry WEB-INF/classes/hibernate.cfg.xml
[DEBUG] adding entry WEB-INF/classes/images/logo.png
[DEBUG] adding entry WEB-INF/classes/logback.xml
[DEBUG] adding entry WEB-INF/classes/servlet/AddRoomServlet.class
[DEBUG] adding entry WEB-INF/classes/servlet/BuildingServlet.class
[DEBUG] adding entry WEB-INF/classes/servlet/DashboardAdminServlet.class
[DEBUG] adding entry WEB-INF/classes/servlet/DashboardServlet.class
[DEBUG] adding entry WEB-INF/classes/servlet/DeleteStudentServlet.class
[DEBUG] adding entry WEB-INF/classes/servlet/EditInvoiceServlet.class
[DEBUG] adding entry WEB-INF/classes/servlet/EditRoomServlet.class
[DEBUG] adding entry WEB-INF/classes/servlet/GenderDataServlet.class
[DEBUG] adding entry WEB-INF/classes/servlet/LoginAdminServlet.class
[DEBUG] adding entry WEB-INF/classes/servlet/LoginStudentServlet.class
[DEBUG] adding entry WEB-INF/classes/servlet/PrintInvoiceServlet.class
[DEBUG] adding entry WEB-INF/classes/servlet/RegisterServlet.class
[DEBUG] adding entry WEB-INF/classes/servlet/ResetPasswordServlet.class
[DEBUG] adding entry WEB-INF/classes/servlet/RoomBookingServlet.class
[DEBUG] adding entry WEB-INF/classes/servlet/RoomServlet.class
[DEBUG] adding entry WEB-INF/classes/servlet/SendResetCodeServlet$1.class
[DEBUG] adding entry WEB-INF/classes/servlet/SendResetCodeServlet.class
[DEBUG] adding entry WEB-INF/classes/servlet/UpdateProfileServlet.class
[DEBUG] adding entry WEB-INF/classes/servlet/VerifyCodeServlet.class
[DEBUG] adding entry WEB-INF/classes/templates/invoice.html
[DEBUG] adding entry WEB-INF/classes/util/CommonLogger.class
[DEBUG] adding entry WEB-INF/classes/util/HibernateUtil.class
[DEBUG] adding entry WEB-INF/classes/websocket/ChatEndpoint.class
[DEBUG] adding entry WEB-INF/lib/angus-activation-2.0.0.jar
[DEBUG] adding entry WEB-INF/lib/antlr4-runtime-4.13.0.jar
[DEBUG] adding entry WEB-INF/lib/bouncy-castle-connector-9.1.0.jar
[DEBUG] adding entry WEB-INF/lib/byte-buddy-1.15.11.jar
[DEBUG] adding entry WEB-INF/lib/classmate-1.5.1.jar
[DEBUG] adding entry WEB-INF/lib/commons-9.1.0.jar
[DEBUG] adding entry WEB-INF/lib/forms-9.1.0.jar
[DEBUG] adding entry WEB-INF/lib/hibernate-commons-annotations-7.0.3.Final.jar
[DEBUG] adding entry WEB-INF/lib/hibernate-core-6.6.13.Final.jar
[DEBUG] adding entry WEB-INF/lib/html2pdf-6.1.0.jar
[DEBUG] adding entry WEB-INF/lib/io-9.1.0.jar
[DEBUG] adding entry WEB-INF/lib/istack-commons-runtime-4.1.1.jar
[DEBUG] adding entry WEB-INF/lib/jakarta.activation-2.0.1.jar
[DEBUG] adding entry WEB-INF/lib/jakarta.activation-api-2.1.0.jar
[DEBUG] adding entry WEB-INF/lib/jakarta.el-api-5.0.0.jar
[DEBUG] adding entry WEB-INF/lib/jakarta.inject-api-2.0.1.jar
[DEBUG] adding entry WEB-INF/lib/jakarta.mail-2.0.1.jar
[DEBUG] adding entry WEB-INF/lib/jakarta.persistence-api-3.1.0.jar
[DEBUG] adding entry WEB-INF/lib/jakarta.servlet.jsp.jstl-3.0.1.jar
[DEBUG] adding entry WEB-INF/lib/jakarta.servlet.jsp.jstl-api-3.0.2.jar
[DEBUG] adding entry WEB-INF/lib/jakarta.transaction-api-2.0.1.jar
[DEBUG] adding entry WEB-INF/lib/jakarta.websocket-api-2.2.0.jar
[DEBUG] adding entry WEB-INF/lib/jakarta.xml.bind-api-4.0.0.jar
[DEBUG] adding entry WEB-INF/lib/jandex-3.2.0.jar
[DEBUG] adding entry WEB-INF/lib/jaxb-core-4.0.2.jar
[DEBUG] adding entry WEB-INF/lib/jaxb-runtime-4.0.2.jar
[DEBUG] adding entry WEB-INF/lib/jbcrypt-0.4.jar
[DEBUG] adding entry WEB-INF/lib/jboss-logging-3.5.0.Final.jar
[DEBUG] adding entry WEB-INF/lib/kernel-9.1.0.jar
[DEBUG] adding entry WEB-INF/lib/layout-9.1.0.jar
[DEBUG] adding entry WEB-INF/lib/logback-classic-1.5.16.jar
[DEBUG] adding entry WEB-INF/lib/logback-core-1.5.16.jar
[DEBUG] adding entry WEB-INF/lib/mysql-connector-j-9.1.0.jar
[DEBUG] adding entry WEB-INF/lib/pdfa-9.1.0.jar
[DEBUG] adding entry WEB-INF/lib/protobuf-java-4.26.1.jar
[DEBUG] adding entry WEB-INF/lib/slf4j-api-2.0.16.jar
[DEBUG] adding entry WEB-INF/lib/styled-xml-parser-9.1.0.jar
[DEBUG] adding entry WEB-INF/lib/svg-9.1.0.jar
[DEBUG] adding entry WEB-INF/lib/txw2-4.0.2.jar
[DEBUG] adding entry WEB-INF/web.xml
[DEBUG] WEB-INF\web.xml already added, skipping
[DEBUG] adding entry META-INF/maven/com.dormitory/Dormitory_Management_Servlet/pom.xml
[DEBUG] adding entry META-INF/maven/com.dormitory/Dormitory_Management_Servlet/pom.properties
[INFO] ------------------------------------------------------------------------
[INFO] BUILD SUCCESS
[INFO] ------------------------------------------------------------------------
[INFO] Total time:  6.714 s
[INFO] Finished at: 2025-05-06T23:26:36+07:00
[INFO] ------------------------------------------------------------------------
[DEBUG] Shutting down adapter factory; available factories [file-lock, rwlock-local, semaphore-local, noop]; available name mappers [discriminating, file-gav, file-hgav, file-static, gav, static]
[DEBUG] Shutting down 'file-lock' factory
[DEBUG] Shutting down 'rwlock-local' factory
[DEBUG] Shutting down 'semaphore-local' factory
[DEBUG] Shutting down 'noop' factory
